******************************************************************************
                  TI ARM Linker PC v20.2.7                     
******************************************************************************
>> Linked Mon Dec  9 18:23:07 2024

OUTPUT FILE NAME:   <uartecho_MSP_EXP432E401Y_tirtos_ccs.out>
ENTRY POINT SYMBOL: "_c_int00"  address: 0000baf5


MEMORY CONFIGURATION

         name            origin    length      used     unused   attr    fill
----------------------  --------  ---------  --------  --------  ----  --------
  FLASH                 00000000   00100000  0000fdc7  000f0239  R  X
  SRAM                  20000000   00040000  00032d6d  0000d293  RW X


SEGMENT ALLOCATION MAP

run origin  load origin   length   init length attrs members
----------  ----------- ---------- ----------- ----- -------
00000000    00000000    0000fdd8   0000fdd8    r-x
  00000000    00000000    0000003c   0000003c    r-- .resetVecs
  00000040    00000040    0000eb7a   0000eb7a    r-x .text
  0000ebc0    0000ebc0    00000f01   00000f01    r-- .const
  0000fac8    0000fac8    00000310   00000310    r-- .cinit
20000360    20000360    00020000   00000000    r--
  20000360    20000360    00020000   00000000    r-- .priheap
20020360    20020360    0000f115   00000000    rw-
  20020360    20020360    0000f115   00000000    rw- .data
2002f800    2002f800    000034f8   00000000    rw-
  2002f800    2002f800    000034f8   00000000    rw- .bss
2003fc00    2003fc00    00000400   00000000    rw-
  2003fc00    2003fc00    00000400   00000000    rw- .stack


SECTION ALLOCATION MAP

 output                                  attributes/
section   page    origin      length       input sections
--------  ----  ----------  ----------   ----------------
.text      0    00000040    0000eb7a     
                  00000040    000014c8     terminalcmd.obj (.text:help_cmd)
                  00001508    00000b14     rtsv7M4_T_le_v4SPD16_eabi.lib : _scanfi.c.obj (.text:__TI_scanfi)
                  0000201c    00000a4e                                   : _printfi.c.obj (.text:__TI_printfi)
                  00002a6a    00000002     ti_drivers_config.obj (.text:Board_initHook)
                  00002a6c    00000682     uartecho.obj (.text:mainThread)
                  000030ee    00000002     drivers_msp432e4.aem4f : TimerMSP432E4.oem4f (.text:TimerMSP432E4_init)
                  000030f0    000004a8     terminalcmd.obj (.text:script_cmd)
                  00003598    00000491     terminalcmd.obj (.text:gpio_cmd)
                  00003a29    00000001     --HOLE-- [fill = 0]
                  00003a2a    00000002     drivers_msp432e4.aem4f : UARTMSP432E4.oem4f (.text:UARTMSP432E4_init)
                  00003a2c    00000484     terminalcmd.obj (.text:if_cmd)
                  00003eb0    00000460     rtsv7M4_T_le_v4SPD16_eabi.lib : strtod.c.obj (.text:strtod)
                  00004310    00000448     terminalcmd.obj (.text:reg_cmd)
                  00004758    000003c8     terminalcmd.obj (.text:callback_cmd)
                  00004b20    00000390     terminalcmd.obj (.text:valid_cmd)
                  00004eb0    00000338     terminalcmd.obj (.text:sine_cmd)
                  000051e8    00000320     terminalcmd.obj (.text:ticker_cmd)
                  00005508    000002f0     drivers_msp432e4.aem4f : UARTMSP432E4.oem4f (.text:UARTMSP432E4_open)
                  000057f8    000002a0     sysbios.aem4f : BIOS.obj (.text:ti_sysbios_family_arm_msp432e4_init_Boot_sysCtlClockFreqSetI__I)
                  00005a98    00000290     terminalcmd.obj (.text:error_cmd)
                  00005d28    00000270     rtsv7M4_T_le_v4SPD16_eabi.lib : _printfi.c.obj (.text:_pconv_a)
                  00005f98    0000023a     msp432e4_driverlib.a : gpio.o (.text:GPIOPadConfigSet)
                  000061d2    00000002     rtsv7M4_T_le_v4SPD16_eabi.lib : _lock.c.obj (.text:_nop)
                  000061d4    0000021c     terminalcmd.obj (.text:reset_cmd)
                  000063f0    00000210     terminalcmd.obj (.text:timer_cmd)
                  00006600    000001fc     drivers_msp432e4.aem4f : SPIMSP432E4DMA.oem4f (.text:SPIMSP432E4DMA_transfer)
                  000067fc    000001f0     terminalcmd.obj (.text:memr_cmd)
                  000069ec    000001dc     rtsv7M4_T_le_v4SPD16_eabi.lib : strtoll.c.obj (.text:strtoll)
                  00006bc8    000001d0                                   : _printfi.c.obj (.text:_pconv_g)
                  00006d98    000001d0     terminalcmd.obj (.text:evaluate_condition)
                  00006f68    000001b6     rtsv7M4_T_le_v4SPD16_eabi.lib : fd_add_t2.asm.obj (.text)
                  0000711e    00000002                                   : div0.asm.obj (.text)
                  00007120    000001b4     drivers_msp432e4.aem4f : SPIMSP432E4DMA.oem4f (.text:SPIMSP432E4DMA_open)
                  000072d4    00000184                            : GPIOMSP432E4.oem4f (.text:GPIO_setConfig)
                  00007458    0000015c     rtsv7M4_T_le_v4SPD16_eabi.lib : strtoull.c.obj (.text:strtoull)
                  000075b4    00000158     terminalcmd.obj (.text:about_cmd)
                  0000770c    00000158     terminalcmd.obj (.text:execute_callback)
                  00007864    00000004     dpl_msp432e4.aem4f : ClockP_tirtos.oem4f (.text:ClockP_getCpuFreq)
                  00007868    00000154     sysbios.aem4f : BIOS.obj (.text:ti_sysbios_knl_Task_Instance_finalize__E)
                  000079bc    00000140     terminalcmd.obj (.text:script_task)
                  00007afc    0000013c     rtsv7M4_T_le_v4SPD16_eabi.lib : _printfi.c.obj (.text:_pconv_e)
                  00007c38    00000136                                   : fd_div_t2.asm.obj (.text)
                  00007d6e    00000002     release_pem4f.oem4f (.text:ti_sysbios_BIOS_nullFunc__I)
                  00007d70    00000130     rtsv7M4_T_le_v4SPD16_eabi.lib : strtol.c.obj (.text:strtol)
                  00007ea0    00000130     sysbios.aem4f : BIOS.obj (.text:ti_sysbios_knl_Semaphore_pend__E)
                  00007fd0    0000012e     drivers_msp432e4.aem4f : SPIMSP432E4DMA.oem4f (.text:SPIMSP432E4DMA_transferCancel)
                  000080fe    00000002     --HOLE-- [fill = 0]
                  00008100    00000124     rtsv7M4_T_le_v4SPD16_eabi.lib : _printfi.c.obj (.text:fcvt)
                  00008224    00000004     dpl_msp432e4.aem4f : ClockP_tirtos.oem4f (.text:ClockP_setTimeout)
                  00008228    00000120     sysbios.aem4f : BIOS.obj (.text:xdc_runtime_Startup_startMods__I)
                  00008348    00000118     drivers_msp432e4.aem4f : TimerMSP432E4.oem4f (.text:TimerMSP432E4_open)
                  00008460    00000110     rtsv7M4_T_le_v4SPD16_eabi.lib : s_scalbn.c.obj (.text:scalbn)
                  00008570    00000110                                   : strtoul.c.obj (.text:strtoul)
                  00008680    00000110     sysbios.aem4f : BIOS.obj (.text:ti_sysbios_knl_Task_postInit__I)
                  00008790    0000010c                   : BIOS.obj (.text:ti_sysbios_family_arm_lm4_Timer_start__E)
                  0000889c    00000104     drivers_msp432e4.aem4f : SPIMSP432E4DMA.oem4f (.text:configNextTransfer)
                  000089a0    000000fc     rtsv7M4_T_le_v4SPD16_eabi.lib : fd_mul_t2.asm.obj (.text)
                  00008a9c    000000f4     uartecho.obj (.text:uart7Task)
                  00008b90    000000f0     sysbios.aem4f : BIOS.obj (.text:pthread_create)
                  00008c80    000000f0                   : m3_Hwi_asm.obj (.text:ti_sysbios_family_arm_m3_Hwi_dispatch__I)
                  00008d70    000000f0     msp432e4_driverlib.a : udma.o (.text:uDMAChannelTransferSet)
                  00008e60    000000e8     drivers_msp432e4.aem4f : SPIMSP432E4DMA.oem4f (.text:SPIMSP432E4DMA_hwiFxn)
                  00008f48    000000e8     sysbios.aem4f : BIOS.obj (.text:ti_sysbios_knl_Task_Instance_init__E)
                  00009030    000000e4     terminalcmd.obj (.text:execute_script)
                  00009114    000000e4     terminalcmd.obj (.text:uart_cmd)
                  000091f8    000000d0     sysbios.aem4f : BIOS.obj (.text:ti_sysbios_heaps_HeapMem_alloc__E)
                  000092c8    000000cc     uartecho.obj (.text:processUart7Input)
                  00009394    00000004     dpl_msp432e4.aem4f : ClockP_tirtos.oem4f (.text:ClockP_start)
                  00009398    000000c4     sysbios.aem4f : BIOS.obj (.text:ti_sysbios_knl_Task_sleep__E)
                  0000945c    000000be     drivers_msp432e4.aem4f : UARTMSP432E4.oem4f (.text:UARTMSP432E4_close)
                  0000951a    00000006                            : SPIMSP432E4DMA.oem4f (.text:SPIMSP432E4DMA_control)
                  00009520    000000bc     sysbios.aem4f : BIOS.obj (.text:ti_sysbios_knl_Task_exit__E)
                  000095dc    00000004     dpl_msp432e4.aem4f : ClockP_tirtos.oem4f (.text:ClockP_stop)
                  000095e0    000000bc     sysbios.aem4f : BIOS.obj (.text:xdc_runtime_Core_createObject__I)
                  0000969c    00000004     dpl_msp432e4.aem4f : HwiP_tirtos.oem4f (.text:HwiP_clearInterrupt)
                  000096a0    000000b8     sysbios.aem4f : BIOS.obj (.text:ti_sysbios_family_arm_m3_Hwi_Instance_init__E)
                  00009758    000000b6     drivers_msp432e4.aem4f : UARTMSP432E4.oem4f (.text:readTaskCallback)
                  0000980e    00000002     --HOLE-- [fill = 0]
                  00009810    000000b1     rtsv7M4_T_le_v4SPD16_eabi.lib : _printfi.c.obj (.text:_ltostr)
                  000098c1    00000001     --HOLE-- [fill = 0]
                  000098c2    000000b0     drivers_msp432e4.aem4f : UARTMSP432E4.oem4f (.text:readTaskBlocking)
                  00009972    00000006                            : TimerMSP432E4.oem4f (.text:TimerMSP432E4_control)
                  00009978    000000b0     sysbios.aem4f : BIOS.obj (.text:ti_sysbios_family_arm_lm4_Timer_enableTiva__I)
                  00009a28    000000ac     drivers_msp432e4.aem4f : GPIOMSP432E4.oem4f (.text:GPIO_init)
                  00009ad4    000000a4     msp432e4_driverlib.a : gpio.o (.text:GPIOIntTypeSet)
                  00009b78    000000a4     terminalcmd.obj (.text:sine_timer_callback)
                  00009c1c    00000004     dpl_msp432e4.aem4f : HwiP_tirtos.oem4f (.text:HwiP_disable)
                  00009c20    000000a4     sysbios.aem4f : BIOS.obj (.text:ti_sysbios_knl_Task_setPri__E)
                  00009cc4    000000a0     auto_init.aem4f : auto_init.oem4f (.text)
                  00009d64    0000009e     drivers_msp432e4.aem4f : UARTMSP432E4.oem4f (.text:UARTMSP432E4_readPolling)
                  00009e02    0000009c                            : SPIMSP432E4DMA.oem4f (.text:SPIMSP432E4DMA_close)
                  00009e9e    00000002     --HOLE-- [fill = 0]
                  00009ea0    0000009c     sysbios.aem4f : BIOS.obj (.text:_pthread_removeThreadKeys)
                  00009f3c    0000009c     rtsv7M4_T_le_v4SPD16_eabi.lib : memcpy_t2.asm.obj (.text)
                  00009fd8    00000098     drivers_msp432e4.aem4f : UARTMSP432E4.oem4f (.text:UARTMSP432E4_write)
                  0000a070    00000096     rtsv7M4_T_le_v4SPD16_eabi.lib : ull_div_t2.asm.obj (.text)
                  0000a106    00000002     --HOLE-- [fill = 0]
                  0000a108    00000094     terminalcmd.obj (.text:init_ticker_timer)
                  0000a19c    00000094     drivers_msp432e4.aem4f : UARTMSP432E4.oem4f (.text:readIsrTextBlocking)
                  0000a230    00000094     sysbios.aem4f : BIOS.obj (.text:ti_sysbios_family_arm_m3_Hwi_initNVIC__E)
                  0000a2c4    00000090     drivers_msp432e4.aem4f : UARTMSP432E4.oem4f (.text:UARTMSP432E4_control)
                  0000a354    00000004     dpl_msp432e4.aem4f : HwiP_tirtos.oem4f (.text:HwiP_disableInterrupt)
                  0000a358    00000090     sysbios.aem4f : BIOS.obj (.text:ti_sysbios_knl_Task_Module_startup__E)
                  0000a3e8    0000008c     msp432e4_driverlib.a : sysctl.o (.text:SysCtlPeripheralReset)
                  0000a474    0000008c     sysbios.aem4f : m3_TaskSupport_asm.obj (.text:ti_sysbios_family_arm_m3_TaskSupport_buildTaskStack)
                  0000a500    0000008c                   : BIOS.obj (.text:xdc_runtime_Memory_alloc__E)
                  0000a58c    00000088     drivers_msp432e4.aem4f : TimerMSP432E4.oem4f (.text:TimerMSP432E4_setPeriod)
                  0000a614    00000088                            : UARTMSP432E4.oem4f (.text:readIsrTextCallback)
                  0000a69c    00000086     rtsv7M4_T_le_v4SPD16_eabi.lib : fd_cmp_t2.asm.obj (.text:__aeabi_cdcmple)
                  0000a722    00000086                                   : fd_cmp_t2.asm.obj (.text:__aeabi_cdrcmple)
                  0000a7a8    00000086     sysbios.aem4f : BIOS.obj (.text:xdc_runtime_Core_constructObject__I)
                  0000a82e    00000002     --HOLE-- [fill = 0]
                  0000a830    00000084                   : BIOS.obj (.text:ti_sysbios_family_arm_m3_Hwi_postInit__I)
                  0000a8b4    00000004     dpl_msp432e4.aem4f : HwiP_tirtos.oem4f (.text:HwiP_enableInterrupt)
                  0000a8b8    00000084     sysbios.aem4f : BIOS.obj (.text:ti_sysbios_heaps_HeapMem_free__E)
                  0000a93c    00000080     uartecho.obj (.text:add_to_history)
                  0000a9bc    00000004     drivers_msp432e4.aem4f : SPIMSP432E4DMA.oem4f (.text:SPIMSP432E4DMA_init)
                  0000a9c0    00000080     sysbios.aem4f : BIOS.obj (.text:ti_sysbios_knl_Clock_workFunc__E)
                  0000aa40    0000007c     drivers_msp432e4.aem4f : UARTMSP432E4.oem4f (.text:writeData)
                  0000aabc    0000007a     msp432e4_driverlib.a : ssi.o (.text:SSIConfigSetExpClk)
                  0000ab36    0000007a     rtsv7M4_T_le_v4SPD16_eabi.lib : memset_t2.asm.obj (.text)
                  0000abb0    00000078     terminalcmd.obj (.text:timer_callback)
                  0000ac28    00000076     msp432e4_driverlib.a : uart.o (.text:UARTConfigSetExpClk)
                  0000ac9e    00000002     --HOLE-- [fill = 0]
                  0000aca0    00000074     terminalcmd.obj (.text:init_script_system)
                  0000ad14    00000004     dpl_msp432e4.aem4f : SemaphoreP_tirtos.oem4f (.text:SemaphoreP_post)
                  0000ad18    00000074     sysbios.aem4f : BIOS.obj (.text:xdc_runtime_Core_deleteObject__I)
                  0000ad8c    00000072     drivers_msp432e4.aem4f : TimerMSP432E4.oem4f (.text:TimerMSP432E4_start)
                  0000adfe    00000002     --HOLE-- [fill = 0]
                  0000ae00    00000070     terminalcmd.obj (.text:execute_conditional_dest)
                  0000ae70    00000070     terminalcmd.obj (.text:print_cmd)
                  0000aee0    00000070     sysbios.aem4f : BIOS.obj (.text:ti_sysbios_heaps_HeapMem_initPrimary__I)
                  0000af50    0000006e     rtsv7M4_T_le_v4SPD16_eabi.lib : _printfi.c.obj (.text:_mcpy)
                  0000afbe    0000006e                                   : fd_tos_t2.asm.obj (.text)
                  0000b02c    0000006c     drivers_msp432e4.aem4f : PowerMSP432E4.oem4f (.text:Power_releaseDependency)
                  0000b098    0000006c     sysbios.aem4f : BIOS.obj (.text:ti_sysbios_knl_Swi_restoreHwi__E)
                  0000b104    00000068     drivers_msp432e4.aem4f : GPIOMSP432E4.oem4f (.text:GPIO_hwiIntFxn)
                  0000b16c    00000068                            : PowerMSP432E4.oem4f (.text:Power_setDependency)
                  0000b1d4    00000068                            : TimerMSP432E4.oem4f (.text:TimerMSP432E4_allocateTimerResource)
                  0000b23c    00000068     rtsv7M4_T_le_v4SPD16_eabi.lib : sscanf.c.obj (.text:_chkmbc)
                  0000b2a4    00000068                                   : copy_decompress_lzss.c.obj (.text:decompress:lzss:__TI_decompress_lzss)
                  0000b30c    00000004     release_pem4f.oem4f (.text:ti_sysbios_BIOS_RtsGateProxy_enter__E)
                  0000b310    00000068     sysbios.aem4f : BIOS.obj (.text:pthread_exit)
                  0000b378    00000068     drivers_msp432e4.aem4f : UARTMSP432E4.oem4f (.text:readIsrBinaryBlocking)
                  0000b3e0    00000064                            : PowerMSP432E4.oem4f (.text:Power_init)
                  0000b444    00000064     rtsv7M4_T_le_v4SPD16_eabi.lib : s_frexp.c.obj (.text:frexp)
                  0000b4a8    00000064     main_tirtos.obj (.text:main)
                  0000b50c    00000064     drivers_msp432e4.aem4f : UARTMSP432E4.oem4f (.text:readIsrBinaryCallback)
                  0000b570    00000064     sysbios.aem4f : BIOS.obj (.text:ti_sysbios_family_arm_lm4_Timer_Module_startup__E)
                  0000b5d4    00000004     release_pem4f.oem4f (.text:ti_sysbios_BIOS_RtsGateProxy_leave__E)
                  0000b5d8    00000064     sysbios.aem4f : BIOS.obj (.text:ti_sysbios_family_arm_m3_Hwi_dispatchC__I)
                  0000b63c    00000064     msp432e4_driverlib.a : udma.o (.text:uDMAChannelAttributeDisable)
                  0000b6a0    00000060     sysbios.aem4f : BIOS.obj (.text:ti_sysbios_knl_Semaphore_post__E)
                  0000b700    00000060                   : BIOS.obj (.text:ti_sysbios_knl_Swi_run__I)
                  0000b760    0000005c     msp432e4_driverlib.a : gpio.o (.text:GPIODirModeSet)
                  0000b7bc    0000005c     drivers_msp432e4.aem4f : TimerMSP432E4.oem4f (.text:getPowerMgrId)
                  0000b818    0000005c                            : UARTMSP432E4.oem4f (.text:getPowerResourceId)
                  0000b874    0000005c     terminalcmd.obj (.text:queue_script_command)
                  0000b8d0    0000005c     sysbios.aem4f : BIOS.obj (.text:ti_sysbios_knl_Swi_schedule__I)
                  0000b92c    00000004                   : BIOS.obj (.text:ti_sysbios_family_arm_lm4_Timer_masterEnable__I)
                  0000b930    0000005c                   : BIOS.obj (.text:ti_sysbios_knl_Task_startCore__E)
                  0000b98c    0000005c     terminalcmd.obj (.text:ticker_timer_callback)
                  0000b9e8    0000005c     sysbios.aem4f : BIOS.obj (.text:xdc_runtime_Startup_exec__E)
                  0000ba44    00000058     drivers_msp432e4.aem4f : GPIOMSP432E4.oem4f (.text:GPIO_setCallback)
                  0000ba9c    00000058                            : UDMAMSP432E4.oem4f (.text:UDMAMSP432E4_open)
                  0000baf4    00000058     boot.aem4f : boot.oem4f (.text)
                  0000bb4c    00000058     terminalcmd.obj (.text:execute_ticker)
                  0000bba4    00000058     sysbios.aem4f : m3_Hwi_asm_switch.obj (.text:ti_sysbios_family_arm_m3_Hwi_initStacks__E)
                  0000bbfc    00000056     rtsv7M4_T_le_v4SPD16_eabi.lib : _printfi.c.obj (.text:_pconv_f)
                  0000bc52    00000056     drivers_msp432e4.aem4f : SPIMSP432E4DMA.oem4f (.text:initHw)
                  0000bca8    00000054                            : GPIOMSP432E4.oem4f (.text:GPIO_write)
                  0000bcfc    00000054     rtsv7M4_T_le_v4SPD16_eabi.lib : _ltoa.c.obj (.text:__TI_ltoa)
                  0000bd50    00000054     sysbios.aem4f : BIOS.obj (.text:ti_sysbios_family_arm_lm4_Timer_initDevice__I)
                  0000bda4    00000054     release_pem4f.oem4f (.text:ti_sysbios_family_arm_m3_Hwi_create)
                  0000bdf8    00000052     rtsv7M4_T_le_v4SPD16_eabi.lib : _printfi.c.obj (.text:_ecpy)
                  0000be4a    00000050     drivers_msp432e4.aem4f : UARTMSP432E4.oem4f (.text:UARTMSP432E4_hwiIntFxn)
                  0000be9a    00000006                            : UDMAMSP432E4.oem4f (.text:UDMAMSP432E4_close)
                  0000bea0    00000050     sysbios.aem4f : BIOS.obj (.text:ti_sysbios_family_arm_m3_Hwi_Module_startup__E)
                  0000bef0    00000050                   : BIOS.obj (.text:ti_sysbios_knl_Clock_Instance_init__E)
                  0000bf40    00000050     release_pem4f.oem4f (.text:ti_sysbios_knl_Task_create)
                  0000bf90    0000004e     drivers_msp432e4.aem4f : TimerMSP432E4.oem4f (.text:TimerMSP432E4_stop)
                  0000bfde    0000004e                            : TimerMSP432E4.oem4f (.text:initHw)
                  0000c02c    0000004c                            : TimerMSP432E4.oem4f (.text:TimerMSP432E4_freeTimerResource)
                  0000c078    0000004c                            : UARTMSP432E4.oem4f (.text:UARTMSP432E4_writePolling)
                  0000c0c4    0000004c     rtsv7M4_T_le_v4SPD16_eabi.lib : atoi.c.obj (.text:atoi)
                  0000c110    0000004c                                   : cpy_tbl.c.obj (.text:copy_in)
                  0000c15c    0000004c     drivers_msp432e4.aem4f : UARTMSP432E4.oem4f (.text:ringBufGet)
                  0000c1a8    0000004c     rtsv7M4_T_le_v4SPD16_eabi.lib : snprintf.c.obj (.text:snprintf)
                  0000c1f4    00000004     release_pem4f.oem4f (.text:ti_sysbios_family_arm_m3_Hwi_delete)
                  0000c1f8    0000004c     sysbios.aem4f : BIOS.obj (.text:ti_sysbios_heaps_HeapMem_getStats__E)
                  0000c244    00000004     release_pem4f.oem4f (.text:ti_sysbios_family_arm_m3_TaskSupport_Module__startupDone__S)
                  0000c248    0000004c     sysbios.aem4f : BIOS.obj (.text:ti_sysbios_knl_Swi_runLoop__I)
                  0000c294    00000004     release_pem4f.oem4f (.text:ti_sysbios_heaps_HeapMem_Module_GateProxy_enter__E)
                  0000c298    0000004c     sysbios.aem4f : BIOS.obj (.text:ti_sysbios_knl_Task_allBlockedFunction__I)
                  0000c2e4    00000004     release_pem4f.oem4f (.text:ti_sysbios_heaps_HeapMem_Module_GateProxy_leave__E)
                  0000c2e8    0000004c     sysbios.aem4f : BIOS.obj (.text:ti_sysbios_knl_Task_schedule__I)
                  0000c334    0000004c     msp432e4_driverlib.a : udma.o (.text:uDMAChannelAssign)
                  0000c380    0000004c                          : udma.o (.text:uDMAChannelModeGet)
                  0000c3cc    00000048     drivers_msp432e4.aem4f : UARTMSP432E4.oem4f (.text:UARTMSP432E4_writeCancel)
                  0000c414    00000048     rtsv7M4_T_le_v4SPD16_eabi.lib : fd_toi_t2.asm.obj (.text)
                  0000c45c    00000048     terminalcmd.obj (.text:set_reg_value)
                  0000c4a4    00000004     release_pem4f.oem4f (.text:ti_sysbios_knl_Clock_TimerProxy_getMaxTicks__E)
                  0000c4a8    00000048     sysbios.aem4f : BIOS.obj (.text:ti_sysbios_family_arm_lm4_Timer_enableTimers__I)
                  0000c4f0    00000048                   : BIOS.obj (.text:ti_sysbios_family_arm_m3_Hwi_disableInterrupt__E)
                  0000c538    00000048                   : BIOS.obj (.text:ti_sysbios_family_arm_m3_Hwi_enableInterrupt__E)
                  0000c580    00000048                   : BIOS.obj (.text:ti_sysbios_knl_Mailbox_Module_startup__E)
                  0000c5c8    00000048                   : BIOS.obj (.text:ti_sysbios_knl_Task_deleteTerminatedTasksFunc__I)
                  0000c610    00000048                   : BIOS.obj (.text:xdc_runtime_Core_assignParams__I)
                  0000c658    00000046     drivers_msp432e4.aem4f : RingBuf.oem4f (.text:RingBuf_put)
                  0000c69e    00000046                            : TimerMSP432E4.oem4f (.text:getPrescaler)
                  0000c6e4    00000044     msp432e4_driverlib.a : gpio.o (.text:GPIOPinConfigure)
                  0000c728    00000044     drivers_msp432e4.aem4f : SPI.oem4f (.text:SPI_init)
                  0000c76c    00000044     msp432e4_driverlib.a : sysctl.o (.text:SysCtlPeripheralPresent)
                  0000c7b0    00000044                          : sysctl.o (.text:SysCtlPeripheralReady)
                  0000c7f4    00000044     drivers_msp432e4.aem4f : Timer.oem4f (.text:Timer_init)
                  0000c838    00000044                            : UART.oem4f (.text:UART_init)
                  0000c87c    00000044     terminalcmd.obj (.text:enqueue_payload)
                  0000c8c0    00000044     terminalcmd.obj (.text:get_reg_value)
                  0000c904    00000044     terminalcmd.obj (.text:rem_cmd)
                  0000c948    00000044     rtsv7M4_T_le_v4SPD16_eabi.lib : fd_tou_t2.asm.obj (.text)
                  0000c98c    00000044     terminalcmd.obj (.text:set_sine_frequency)
                  0000c9d0    00000044     sysbios.aem4f : BIOS.obj (.text:ti_sysbios_family_arm_lm4_Timer_isrStub__E)
                  0000ca14    00000004     release_pem4f.oem4f (.text:ti_sysbios_knl_Clock_delete)
                  0000ca18    00000044     sysbios.aem4f : BIOS.obj (.text:ti_sysbios_family_arm_m3_Hwi_getStackInfo__E)
                  0000ca5c    00000004     release_pem4f.oem4f (.text:ti_sysbios_knl_Semaphore_delete)
                  0000ca60    00000044     sysbios.aem4f : BIOS.obj (.text:ti_sysbios_knl_Mailbox_postInit__I)
                  0000caa4    00000004     release_pem4f.oem4f (.text:ti_sysbios_knl_Task_delete)
                  0000caa8    00000044     sysbios.aem4f : BIOS.obj (.text:ti_sysbios_knl_Swi_post__E)
                  0000caec    00000004     release_pem4f.oem4f (.text:xdc_runtime_System_Module_GateProxy_enter__E)
                  0000caf0    00000044     sysbios.aem4f : BIOS.obj (.text:xdc_runtime_System_atexit__E)
                  0000cb34    00000040     dpl_msp432e4.aem4f : ClockP_tirtos.oem4f (.text:ClockP_create)
                  0000cb74    00000040                        : HwiP_tirtos.oem4f (.text:HwiP_create)
                  0000cbb4    00000040     drivers_msp432e4.aem4f : RingBuf.oem4f (.text:RingBuf_get)
                  0000cbf4    00000040                            : SPI.oem4f (.text:SPI_open)
                  0000cc34    00000040     msp432e4_driverlib.a : sysctl.o (.text:SysCtlPeripheralDisable)
                  0000cc74    00000040                          : sysctl.o (.text:SysCtlPeripheralEnable)
                  0000ccb4    00000040                          : sysctl.o (.text:SysCtlPeripheralPowerOff)
                  0000ccf4    00000040                          : sysctl.o (.text:SysCtlPeripheralPowerOn)
                  0000cd34    00000040                          : sysctl.o (.text:SysCtlPeripheralSleepDisable)
                  0000cd74    00000040                          : sysctl.o (.text:SysCtlPeripheralSleepEnable)
                  0000cdb4    00000040     drivers_msp432e4.aem4f : Timer.oem4f (.text:Timer_open)
                  0000cdf4    00000040                            : UARTMSP432E4.oem4f (.text:UARTMSP432E4_read)
                  0000ce34    00000040                            : UART.oem4f (.text:UART_open)
                  0000ce74    00000040                            : UDMAMSP432E4.oem4f (.text:UDMAMSP432E4_init)
                  0000ceb4    00000040                            : SPIMSP432E4DMA.oem4f (.text:getPeripheralResetId)
                  0000cef4    00000004     release_pem4f.oem4f (.text:xdc_runtime_System_Module_GateProxy_leave__E)
                  0000cef8    00000040     sysbios.aem4f : BIOS.obj (.text:ti_sysbios_family_arm_lm4_Timer_startup__E)
                  0000cf38    00000040                   : BIOS.obj (.text:ti_sysbios_heaps_HeapMem_Instance_init__E)
                  0000cf78    00000040     msp432e4_driverlib.a : udma.o (.text:uDMAInit)
                  0000cfb8    0000003e     rtsv7M4_T_le_v4SPD16_eabi.lib : _printfi.c.obj (.text:_fcpy)
                  0000cff6    00000002     --HOLE-- [fill = 0]
                  0000cff8    0000003c     dpl_msp432e4.aem4f : SemaphoreP_tirtos.oem4f (.text:SemaphoreP_create)
                  0000d034    0000003c     uartecho.obj (.text:clear_input_line)
                  0000d070    0000003c     sysbios.aem4f : BIOS.obj (.text:ti_sysbios_family_arm_m3_Hwi_Instance_finalize__E)
                  0000d0ac    0000003c     release_pem4f.oem4f (.text:ti_sysbios_knl_Clock_create)
                  0000d0e8    0000003c     sysbios.aem4f : BIOS.obj (.text:ti_sysbios_knl_Swi_restore__E)
                  0000d124    0000003c     msp432e4_driverlib.a : udma.o (.text:uDMAChannelControlSet)
                  0000d160    0000003c     sysbios.aem4f : BIOS.obj (.text:xdc_runtime_System_processAtExit__E)
                  0000d19c    00000038     drivers_msp432e4.aem4f : TimerMSP432E4.oem4f (.text:TimerMSP432E4_hwiIntFunction)
                  0000d1d4    00000038     terminalcmd.obj (.text:init_registers)
                  0000d20c    00000038     rtsv7M4_T_le_v4SPD16_eabi.lib : sscanf.c.obj (.text:sscanf)
                  0000d244    00000004     --HOLE-- [fill = 0]
                  0000d248    00000038     sysbios.aem4f : BIOS.obj (.text:ti_sysbios_knl_Task_processVitalTaskFlag__I)
                  0000d280    00000036     msp432e4_driverlib.a : timer.o (.text:TimerControlStall)
                  0000d2b6    00000036     drivers_msp432e4.aem4f : UARTMSP432E4.oem4f (.text:UARTMSP432E4_readCancel)
                  0000d2ec    00000036     rtsv7M4_T_le_v4SPD16_eabi.lib : strncpy.c.obj (.text:strncpy)
                  0000d322    00000034     drivers_msp432e4.aem4f : TimerMSP432E4.oem4f (.text:TimerMSP432E4_close)
                  0000d356    00000002     --HOLE-- [fill = 0]
                  0000d358    00000034     sysbios.aem4f : BIOS.obj (.text:_pthread_delete$43)
                  0000d38c    00000034     drivers_msp432e4.aem4f : SPIMSP432E4DMA.oem4f (.text:getPowerMgrId)
                  0000d3c0    00000034     release_pem4f.oem4f (.text:ti_sysbios_knl_Semaphore_create)
                  0000d3f4    00000004     --HOLE-- [fill = 0]
                  0000d3f8    00000032     sysbios.aem4f : BIOS.obj (.text:ti_sysbios_hal_Hwi_initStack)
                  0000d42a    00000002     --HOLE-- [fill = 0]
                  0000d42c    00000030     ti_drivers_config.obj (.text:Board_init)
                  0000d45c    00000030     drivers_msp432e4.aem4f : GPIOMSP432E4.oem4f (.text:GPIOMSP432E4_undoPinConfig)
                  0000d48c    00000030                            : GPIOMSP432E4.oem4f (.text:GPIO_enableInt)
                  0000d4bc    00000030                            : GPIOMSP432E4.oem4f (.text:GPIO_read)
                  0000d4ec    00000030     msp432e4_driverlib.a : uart.o (.text:UARTDisable)
                  0000d51c    00000030     rtsv7M4_T_le_v4SPD16_eabi.lib : snprintf.c.obj (.text:_outs)
                  0000d54c    00000030     release_pem4f.oem4f (.text:ti_sysbios_BIOS_atExitFunc__I)
                  0000d57c    00000030     release_pem4f.oem4f (.text:ti_sysbios_BIOS_startFunc__I)
                  0000d5ac    00000004     --HOLE-- [fill = 0]
                  0000d5b0    00000030     sysbios.aem4f : BIOS.obj (.text:ti_sysbios_family_arm_lm4_Timer_stop__E)
                  0000d5e0    00000030                   : BIOS.obj (.text:ti_sysbios_family_arm_m3_TaskSupport_start__E)
                  0000d610    00000030     release_pem4f.oem4f (.text:ti_sysbios_gates_GateHwi_Object__create__S)
                  0000d640    00000030     release_pem4f.oem4f (.text:ti_sysbios_gates_GateMutex_Object__create__S)
                  0000d670    00000030     sysbios.aem4f : BIOS.obj (.text:ti_sysbios_gates_GateMutex_enter__E)
                  0000d6a0    00000030     release_pem4f.oem4f (.text:ti_sysbios_heaps_HeapMem_Object__create__S)
                  0000d6d0    00000030     release_pem4f.oem4f (.text:ti_sysbios_knl_Queue_create)
                  0000d700    00000030     release_pem4f.oem4f (.text:ti_sysbios_knl_Semaphore_construct)
                  0000d730    00000030     sysbios.aem4f : BIOS.obj (.text:ti_sysbios_knl_Semaphore_pendTimeout__I)
                  0000d760    00000030                   : BIOS.obj (.text:ti_sysbios_knl_Task_restore__E)
                  0000d790    00000030                   : BIOS.obj (.text:ti_sysbios_knl_Task_unblockI__E)
                  0000d7c0    0000002e     rtsv7M4_T_le_v4SPD16_eabi.lib : i_tofd_t2.asm.obj (.text)
                  0000d7ee    0000002e     release_pem4f.oem4f (.text:ti_sysbios_rts_MemAlloc_alloc)
                  0000d81c    0000002c     dpl_msp432e4.aem4f : SemaphoreP_tirtos.oem4f (.text:SemaphoreP_createBinary)
                  0000d848    0000002c     msp432e4_driverlib.a : sysctl.o (.text:SysCtlPeripheralClockGating)
                  0000d874    00000004     --HOLE-- [fill = 0]
                  0000d878    0000002c     sysbios.aem4f : BIOS.obj (.text:_pthread_cleanupFxn)
                  0000d8a4    0000002c     rtsv7M4_T_le_v4SPD16_eabi.lib : strncmp.c.obj (.text:strncmp)
                  0000d8d0    0000002c     release_pem4f.oem4f (.text:ti_sysbios_gates_GateHwi_Handle__label__S)
                  0000d8fc    0000002c     release_pem4f.oem4f (.text:ti_sysbios_gates_GateMutex_Handle__label__S)
                  0000d928    0000002c     release_pem4f.oem4f (.text:ti_sysbios_heaps_HeapMem_Handle__label__S)
                  0000d954    0000002c     release_pem4f.oem4f (.text:ti_sysbios_knl_Clock_doTick__I)
                  0000d980    0000002c     release_pem4f.oem4f (.text:ti_sysbios_knl_Queue_construct)
                  0000d9ac    0000002a     msp432e4_driverlib.a : timer.o (.text:TimerLoadSet)
                  0000d9d6    0000002a                          : timer.o (.text:TimerPrescaleSet)
                  0000da00    00000028     terminalcmd.obj (.text:increment_error)
                  0000da28    00000028     sysbios.aem4f : m3_Hwi_asm.obj (.text:ti_sysbios_family_arm_m3_Hwi_excHandlerAsm__I)
                  0000da50    00000028                   : BIOS.obj (.text:ti_sysbios_knl_Clock_addI__E)
                  0000da78    00000028                   : BIOS.obj (.text:ti_sysbios_knl_Swi_Module_startup__E)
                  0000daa0    00000026     terminalcmd.obj (.text:peek_payload)
                  0000dac6    00000026     sysbios.aem4f : m3_Hwi_asm.obj (.text:ti_sysbios_family_arm_m3_Hwi_pendSV__I)
                  0000daec    00000024     msp432e4_driverlib.a : gpio.o (.text:GPIOPinTypeSSI)
                  0000db10    00000024                          : gpio.o (.text:GPIOPinTypeUART)
                  0000db34    00000024                          : uart.o (.text:UARTCharPutNonBlocking)
                  0000db58    00000024                          : uart.o (.text:UARTEnable)
                  0000db7c    00000004     --HOLE-- [fill = 0]
                  0000db80    00000024     sysbios.aem4f : BIOS.obj (.text:pthread_attr_init)
                  0000dba4    00000024     release_pem4f.oem4f (.text:ti_sysbios_BIOS_registerRTSLock__I)
                  0000dbc8    00000024     release_pem4f.oem4f (.text:ti_sysbios_BIOS_removeRTSLock__I)
                  0000dbec    00000024     release_pem4f.oem4f (.text:ti_sysbios_gates_GateMutex_Object__delete__S)
                  0000dc10    00000024     sysbios.aem4f : BIOS.obj (.text:ti_sysbios_knl_Clock_Module_startup__E)
                  0000dc34    00000024     release_pem4f.oem4f (.text:ti_sysbios_knl_Clock_Object__delete__S)
                  0000dc58    00000024     sysbios.aem4f : BIOS.obj (.text:ti_sysbios_knl_Clock_start__E)
                  0000dc7c    00000004     --HOLE-- [fill = 0]
                  0000dc80    00000024                   : BIOS.obj (.text:ti_sysbios_knl_Semaphore_Instance_init__E)
                  0000dca4    00000024     release_pem4f.oem4f (.text:ti_sysbios_knl_Semaphore_Object__delete__S)
                  0000dcc8    00000024     sysbios.aem4f : BIOS.obj (.text:ti_sysbios_knl_Task_restoreHwi__E)
                  0000dcec    00000004     --HOLE-- [fill = 0]
                  0000dcf0    00000024                   : BIOS.obj (.text:xdc_runtime_Error_policyMin__E)
                  0000dd14    00000022     msp432e4_driverlib.a : gpio.o (.text:GPIOIntStatus)
                  0000dd36    00000002     --HOLE-- [fill = 0]
                  0000dd38    00000022     sysbios.aem4f : BIOS.obj (.text:ti_sysbios_family_arm_lm4_Timer_write__I)
                  0000dd5a    00000020     msp432e4_driverlib.a : gpio.o (.text:GPIOPinWrite)
                  0000dd7a    00000020     drivers_msp432e4.aem4f : RingBuf.oem4f (.text:RingBuf_peek)
                  0000dd9a    00000020                            : GPIOMSP432E4.oem4f (.text:getGpioIntIndex)
                  0000ddba    00000020     rtsv7M4_T_le_v4SPD16_eabi.lib : u_tofd_t2.asm.obj (.text)
                  0000ddda    00000002     --HOLE-- [fill = 0]
                  0000dddc    00000020     release_pem4f.oem4f (.text:ti_sysbios_BIOS_rtsLock__I)
                  0000ddfc    00000020     release_pem4f.oem4f (.text:ti_sysbios_family_arm_m3_Hwi_Object__delete__S)
                  0000de1c    00000004     --HOLE-- [fill = 0]
                  0000de20    00000020     sysbios.aem4f : BIOS.obj (.text:ti_sysbios_family_arm_m3_Hwi_clearInterrupt__E)
                  0000de40    00000020     release_pem4f.oem4f (.text:ti_sysbios_gates_GateHwi_Object__delete__S)
                  0000de60    00000020     release_pem4f.oem4f (.text:ti_sysbios_heaps_HeapMem_Object__delete__S)
                  0000de80    00000020     sysbios.aem4f : BIOS.obj (.text:ti_sysbios_knl_Idle_run__E)
                  0000dea0    00000020     release_pem4f.oem4f (.text:ti_sysbios_knl_Semaphore_destruct)
                  0000dec0    00000020     release_pem4f.oem4f (.text:ti_sysbios_knl_Task_Object__delete__S)
                  0000dee0    0000001e     msp432e4_driverlib.a : ssi.o (.text:SSIBusy)
                  0000defe    0000001e                          : ssi.o (.text:SSIIntStatus)
                  0000df1c    0000001e                          : timer.o (.text:TimerDisable)
                  0000df3a    0000001e                          : timer.o (.text:TimerEnable)
                  0000df58    0000001e                          : uart.o (.text:UARTBusy)
                  0000df76    0000001e                          : uart.o (.text:UARTCharPut)
                  0000df94    0000001e                          : uart.o (.text:UARTCharsAvail)
                  0000dfb2    0000001e                          : uart.o (.text:UARTIntStatus)
                  0000dfd0    0000001e     terminalcmd.obj (.text:parse_operand)
                  0000dfee    0000001e     rtsv7M4_T_le_v4SPD16_eabi.lib : strcat.c.obj (.text:strcat)
                  0000e00c    0000001e     sysbios.aem4f : m3_Hwi_asm_switch.obj (.text:ti_sysbios_family_xxx_Hwi_switchAndRunFunc)
                  0000e02a    0000001c     msp432e4_driverlib.a : ssi.o (.text:SSIDataGet)
                  0000e046    0000001c                          : uart.o (.text:UARTCharGetNonBlocking)
                  0000e062    0000001c                          : uart.o (.text:UARTFlowControlSet)
                  0000e07e    0000001c                          : uart.o (.text:UARTTxIntModeSet)
                  0000e09a    0000001c     rtsv7M4_T_le_v4SPD16_eabi.lib : memccpy.c.obj (.text:memccpy)
                  0000e0b6    00000002     --HOLE-- [fill = 0]
                  0000e0b8    0000001c     terminalcmd.obj (.text:sw1_callback)
                  0000e0d4    0000001c     terminalcmd.obj (.text:sw2_callback)
                  0000e0f0    0000001c     sysbios.aem4f : BIOS.obj (.text:ti_sysbios_family_arm_m3_Hwi_excHandler__I)
                  0000e10c    00000004     --HOLE-- [fill = 0]
                  0000e110    0000001c                   : BIOS.obj (.text:ti_sysbios_gates_GateMutex_Instance_init__E)
                  0000e12c    00000004     --HOLE-- [fill = 0]
                  0000e130    0000001c                   : BIOS.obj (.text:ti_sysbios_knl_Clock_Instance_finalize__E)
                  0000e14c    0000001c     release_pem4f.oem4f (.text:ti_sysbios_knl_Queue_destruct)
                  0000e168    0000001c     sysbios.aem4f : BIOS.obj (.text:ti_sysbios_knl_Queue_get__E)
                  0000e184    00000004     --HOLE-- [fill = 0]
                  0000e188    0000001c                   : BIOS.obj (.text:ti_sysbios_knl_Queue_put__E)
                  0000e1a4    00000004     --HOLE-- [fill = 0]
                  0000e1a8    0000001c                   : BIOS.obj (.text:ti_sysbios_knl_Task_enter__I)
                  0000e1c4    00000004     --HOLE-- [fill = 0]
                  0000e1c8    0000001c                   : BIOS.obj (.text:ti_sysbios_rts_ti_ReentSupport_getReent__F)
                  0000e1e4    0000001c     msp432e4_driverlib.a : udma.o (.text:uDMAChannelDisable)
                  0000e200    0000001c                          : udma.o (.text:uDMAChannelEnable)
                  0000e21c    0000001a                          : gpio.o (.text:GPIOIntEnable)
                  0000e236    0000001a                          : ssi.o (.text:SSIDataPut)
                  0000e250    0000001a     rtsv7M4_T_le_v4SPD16_eabi.lib : s_copysign.c.obj (.text:copysign)
                  0000e26a    0000001a     release_pem4f.oem4f (.text:free)
                  0000e284    00000018     msp432e4_driverlib.a : gpio.o (.text:GPIOPinRead)
                  0000e29c    00000018     drivers_msp432e4.aem4f : PowerMSP432E4.oem4f (.text:Power_idleFunc)
                  0000e2b4    00000018     msp432e4_driverlib.a : ssi.o (.text:SSIDMADisable)
                  0000e2cc    00000018                          : ssi.o (.text:SSIDMAEnable)
                  0000e2e4    00000018                          : ssi.o (.text:SSIIntDisable)
                  0000e2fc    00000018                          : ssi.o (.text:SSIIntEnable)
                  0000e314    00000018                          : timer.o (.text:TimerIntDisable)
                  0000e32c    00000018                          : timer.o (.text:TimerIntEnable)
                  0000e344    00000018     drivers_msp432e4.aem4f : TimerMSP432E4.oem4f (.text:TimerMSP432E4_getCount)
                  0000e35c    00000018     msp432e4_driverlib.a : uart.o (.text:UARTFIFOLevelSet)
                  0000e374    00000018                          : uart.o (.text:UARTIntDisable)
                  0000e38c    00000018                          : uart.o (.text:UARTIntEnable)
                  0000e3a4    00000018     drivers_msp432e4.aem4f : UART.oem4f (.text:UART_Params_init)
                  0000e3bc    00000018     rtsv7M4_T_le_v4SPD16_eabi.lib : args_main.c.obj (.text:_args_main)
                  0000e3d4    00000018                                   : snprintf.c.obj (.text:_outc)
                  0000e3ec    00000018                                   : ll_mul_t2.asm.obj (.text)
                  0000e404    00000018                                   : strcmp.c.obj (.text:strcmp)
                  0000e41c    00000018                                   : strrchr.c.obj (.text:strrchr)
                  0000e434    00000018     release_pem4f.oem4f (.text:ti_sysbios_BIOS_rtsUnlock__I)
                  0000e44c    00000018     release_pem4f.oem4f (.text:ti_sysbios_family_arm_lm4_Timer_Module__startupDone__F)
                  0000e464    00000018     release_pem4f.oem4f (.text:ti_sysbios_family_arm_m3_Hwi_Module__startupDone__F)
                  0000e47c    00000018     sysbios.aem4f : m3_TaskSupport_asm.obj (.text:ti_sysbios_family_arm_m3_TaskSupport_swap__E)
                  0000e494    00000004     --HOLE-- [fill = 0]
                  0000e498    00000018                   : BIOS.obj (.text:ti_sysbios_gates_GateMutex_leave__E)
                  0000e4b0    00000018                   : BIOS.obj (.text:ti_sysbios_knl_Task_sleepTimeout__I)
                  0000e4c8    00000018     release_pem4f.oem4f (.text:ti_sysbios_rts_ti_ReentSupport_getTlsAddr__I)
                  0000e4e0    00000018     sysbios.aem4f : BIOS.obj (.text:xdc_runtime_Error_init__E)
                  0000e4f8    00000018                   : BIOS.obj (.text:xdc_runtime_System_exit__E)
                  0000e510    00000016     msp432e4_driverlib.a : ssi.o (.text:SSIDisable)
                  0000e526    00000016                          : ssi.o (.text:SSIEnable)
                  0000e53c    00000016                          : uart.o (.text:UARTCharGet)
                  0000e552    00000016     rtsv7M4_T_le_v4SPD16_eabi.lib : strchr.c.obj (.text:strchr)
                  0000e568    00000016     release_pem4f.oem4f (.text:ti_sysbios_BIOS_exitFunc__I)
                  0000e57e    00000016     terminalcmd.obj (.text:ti_sysbios_knl_Queue_Params_init)
                  0000e594    00000016     terminalcmd.obj (.text:ti_sysbios_knl_Semaphore_Params_init)
                  0000e5aa    00000016     terminalcmd.obj (.text:ti_sysbios_knl_Task_Params_init)
                  0000e5c0    00000016     uartecho.obj (.text:ti_sysbios_knl_Task_Params_init)
                  0000e5d6    00000014     msp432e4_driverlib.a : gpio.o (.text:GPIOIntClear)
                  0000e5ea    00000002     --HOLE-- [fill = 0]
                  0000e5ec    00000014     drivers_msp432e4.aem4f : GPIOMSP432E4.oem4f (.text:GPIOMSP432E4_getGpioBaseAddr)
                  0000e600    00000014                            : GPIOMSP432E4.oem4f (.text:GPIOMSP432E4_getPowerResourceId)
                  0000e614    00000014                            : SPI.oem4f (.text:SPI_Params_init)
                  0000e628    00000014     sysbios.aem4f : BIOS.obj (.text:pthread_attr_setschedparam)
                  0000e63c    00000014     rtsv7M4_T_le_v4SPD16_eabi.lib : strcpy.c.obj (.text:strcpy)
                  0000e650    00000014                                   : strlen.c.obj (.text:strlen)
                  0000e664    00000014     release_pem4f.oem4f (.text:ti_sysbios_family_arm_m3_Hwi_Object__get__S)
                  0000e678    00000014     sysbios.aem4f : BIOS.obj (.text:ti_sysbios_family_arm_m3_Hwi_switchFromBootStack__E)
                  0000e68c    00000014     release_pem4f.oem4f (.text:ti_sysbios_heaps_HeapMem_Object__get__S)
                  0000e6a0    00000014     release_pem4f.oem4f (.text:ti_sysbios_knl_Swi_Object__get__S)
                  0000e6b4    00000014     release_pem4f.oem4f (.text:ti_sysbios_knl_Task_Object__first__S)
                  0000e6c8    00000014     release_pem4f.oem4f (.text:ti_sysbios_knl_Task_Object__next__S)
                  0000e6dc    00000014     msp432e4_driverlib.a : udma.o (.text:uDMAControlBaseSet)
                  0000e6f0    00000012     drivers_msp432e4.aem4f : RingBuf.oem4f (.text:RingBuf_construct)
                  0000e702    00000012     msp432e4_driverlib.a : ssi.o (.text:SSIIntClear)
                  0000e714    00000012     dpl_msp432e4.aem4f : SemaphoreP_tirtos.oem4f (.text:SemaphoreP_pend)
                  0000e726    00000012     msp432e4_driverlib.a : timer.o (.text:TimerIntClear)
                  0000e738    00000012                          : uart.o (.text:UARTIntClear)
                  0000e74a    00000012                          : uart.o (.text:UARTRxErrorGet)
                  0000e75c    00000012     rtsv7M4_T_le_v4SPD16_eabi.lib : sscanf.c.obj (.text:_inpchar)
                  0000e76e    00000002     --HOLE-- [fill = 0]
                  0000e770    00000012     sysbios.aem4f : BIOS.obj (.text:_pthread_runStub$43)
                  0000e782    00000006     --HOLE-- [fill = 0]
                  0000e788    00000012                   : BIOS.obj (.text:ti_sysbios_hal_Hwi_Module_startup__E)
                  0000e79a    00000012     rtsv7M4_T_le_v4SPD16_eabi.lib : wcslen.c.obj (.text:wcslen)
                  0000e7ac    00000012     release_pem4f.oem4f (.text:xdc_runtime_Startup_exec__I)
                  0000e7be    00000002     --HOLE-- [fill = 0]
                  0000e7c0    00000010     release_pem4f.oem4f (.text:.bootCodeSection:ti_sysbios_family_arm_msp432e4_init_Boot_init__I)
                  0000e7d0    00000010     dpl_msp432e4.aem4f : HwiP_tirtos.oem4f (.text:HwiP_Params_init)
                  0000e7e0    00000010                        : PowerMSP432E4_tirtos.oem4f (.text:PowerMSP432E4_sleepPolicy)
                  0000e7f0    00000010     drivers_msp432e4.aem4f : Timer.oem4f (.text:Timer_Params_init)
                  0000e800    00000010     msp432e4_driverlib.a : uart.o (.text:UARTRxErrorClear)
                  0000e810    00000010     ti_drivers_config.obj (.text:dmaErrorFxn)
                  0000e820    00000010     drivers_msp432e4.aem4f : UARTMSP432E4.oem4f (.text:readBlockingTimeout)
                  0000e830    00000010     sysbios.aem4f : BIOS.obj (.text:ti_sysbios_BIOS_getCpuFreq__E)
                  0000e840    00000010                   : BIOS.obj (.text:ti_sysbios_BIOS_setThreadType__E)
                  0000e850    00000010                   : BIOS.obj (.text:ti_sysbios_BIOS_start__E)
                  0000e860    00000010                   : m3_TaskSupport_asm.obj (.text:ti_sysbios_family_arm_m3_TaskSupport_glue)
                  0000e870    00000010                   : BIOS.obj (.text:ti_sysbios_gates_GateMutex_Instance_finalize__E)
                  0000e880    00000010     release_pem4f.oem4f (.text:ti_sysbios_knl_Mailbox_Object__get__S)
                  0000e890    00000010     sysbios.aem4f : BIOS.obj (.text:ti_sysbios_knl_Semaphore_Instance_finalize__E)
                  0000e8a0    00000010                   : BIOS.obj (.text:ti_sysbios_knl_Swi_disable__E)
                  0000e8b0    00000010     release_pem4f.oem4f (.text:ti_sysbios_knl_Task_Object__get__S)
                  0000e8c0    00000010     sysbios.aem4f : BIOS.obj (.text:ti_sysbios_knl_Task_disable__E)
                  0000e8d0    00000010                   : BIOS.obj (.text:xdc_runtime_Memory_free__E)
                  0000e8e0    00000010                   : BIOS.obj (.text:xdc_runtime_SysCallback_abort__E)
                  0000e8f0    00000010                   : BIOS.obj (.text:xdc_runtime_SysCallback_exit__E)
                  0000e900    0000000e     drivers_msp432e4.aem4f : RingBuf.oem4f (.text:RingBuf_isFull)
                  0000e90e    0000000e     rtsv7M4_T_le_v4SPD16_eabi.lib : copy_decompress_none.c.obj (.text:decompress:none:__TI_decompress_none)
                  0000e91c    00000004     --HOLE-- [fill = 0]
                  0000e920    0000000e     sysbios.aem4f : BIOS.obj (.text:pthread_attr_setdetachstate)
                  0000e92e    00000002     --HOLE-- [fill = 0]
                  0000e930    0000000e                   : BIOS.obj (.text:ti_sysbios_knl_Idle_loop__E)
                  0000e93e    00000002     --HOLE-- [fill = 0]
                  0000e940    0000000e                   : BIOS.obj (.text:ti_sysbios_knl_Queue_empty__E)
                  0000e94e    0000000c     dpl_msp432e4.aem4f : ClockP_tirtos.oem4f (.text:ClockP_delete)
                  0000e95a    0000000c                        : HwiP_tirtos.oem4f (.text:HwiP_delete)
                  0000e966    0000000c                        : SemaphoreP_tirtos.oem4f (.text:SemaphoreP_delete)
                  0000e972    00000002     --HOLE-- [fill = 0]
                  0000e974    0000000c     rtsv7M4_T_le_v4SPD16_eabi.lib : _lock.c.obj (.text:_register_lock)
                  0000e980    0000000c                                   : _lock.c.obj (.text:_register_unlock)
                  0000e98c    0000000c                                   : copy_zero_init.c.obj (.text:decompress:ZI:__TI_zero_init)
                  0000e998    0000000c     sysbios.aem4f : BIOS.obj (.text:ti_sysbios_family_arm_lm4_Timer_getMaxTicks__E)
                  0000e9a4    0000000c     release_pem4f.oem4f (.text:ti_sysbios_family_arm_m3_Hwi_Params__init__S)
                  0000e9b0    0000000c     sysbios.aem4f : BIOS.obj (.text:ti_sysbios_family_arm_m3_Hwi_disableFxn__E)
                  0000e9bc    00000004     --HOLE-- [fill = 0]
                  0000e9c0    0000000c                   : BIOS.obj (.text:ti_sysbios_family_arm_m3_TaskSupport_getStackAlignment__E)
                  0000e9cc    00000004     --HOLE-- [fill = 0]
                  0000e9d0    0000000c                   : BIOS.obj (.text:ti_sysbios_gates_GateHwi_enter__E)
                  0000e9dc    0000000c     release_pem4f.oem4f (.text:ti_sysbios_knl_Clock_Params__init__S)
                  0000e9e8    0000000c     release_pem4f.oem4f (.text:ti_sysbios_knl_Queue_Object__get__S)
                  0000e9f4    0000000c     release_pem4f.oem4f (.text:ti_sysbios_knl_Queue_Params__init__S)
                  0000ea00    0000000c     release_pem4f.oem4f (.text:ti_sysbios_knl_Semaphore_Params__init__S)
                  0000ea0c    0000000c     release_pem4f.oem4f (.text:ti_sysbios_knl_Task_Params__init__S)
                  0000ea18    0000000c     sysbios.aem4f : BIOS.obj (.text:ti_sysbios_knl_Task_self__E)
                  0000ea24    00000004     --HOLE-- [fill = 0]
                  0000ea28    0000000c                   : BIOS.obj (.text:ti_sysbios_rts_ti_ReentSupport_taskRegHook__I)
                  0000ea34    0000000c     msp432e4_driverlib.a : udma.o (.text:uDMAControlBaseGet)
                  0000ea40    0000000c                          : udma.o (.text:uDMAEnable)
                  0000ea4c    0000000c                          : udma.o (.text:uDMAErrorStatusClear)
                  0000ea58    0000000c                          : udma.o (.text:uDMAErrorStatusGet)
                  0000ea64    00000004     --HOLE-- [fill = 0]
                  0000ea68    0000000c     sysbios.aem4f : BIOS.obj (.text:xdc_runtime_Startup_rtsDone__E)
                  0000ea74    0000000a     dpl_msp432e4.aem4f : ClockP_tirtos.oem4f (.text:ClockP_Params_init)
                  0000ea7e    0000000a     main_tirtos.obj (.text:NDK_hookInit)
                  0000ea88    0000000a     drivers_msp432e4.aem4f : SPI.oem4f (.text:SPI_transfer)
                  0000ea92    0000000a                            : Timer.oem4f (.text:Timer_close)
                  0000ea9c    0000000a                            : Timer.oem4f (.text:Timer_start)
                  0000eaa6    0000000a                            : Timer.oem4f (.text:Timer_stop)
                  0000eab0    0000000a                            : UART.oem4f (.text:UART_read)
                  0000eaba    0000000a                            : UART.oem4f (.text:UART_write)
                  0000eac4    0000000a     release_pem4f.oem4f (.text:xdc_runtime_IHeap_alloc)
                  0000eace    0000000a     release_pem4f.oem4f (.text:xdc_runtime_IHeap_free)
                  0000ead8    00000008     dpl_msp432e4.aem4f : SemaphoreP_tirtos.oem4f (.text:SemaphoreP_Params_init)
                  0000eae0    00000008     rtsv7M4_T_le_v4SPD16_eabi.lib : sscanf.c.obj (.text:_uninpchar)
                  0000eae8    00000008     drivers_msp432e4.aem4f : SPIMSP432E4DMA.oem4f (.text:blockingTransferCallback)
                  0000eaf0    00000008     sysbios.aem4f : BIOS.obj (.text:pthread_attr_setstacksize)
                  0000eaf8    00000008     drivers_msp432e4.aem4f : UARTMSP432E4.oem4f (.text:readSemCallback)
                  0000eb00    00000008     sysbios.aem4f : BIOS.obj (.text:ti_sysbios_family_arm_lm4_Timer_masterDisable__I)
                  0000eb08    00000008                   : BIOS.obj (.text:ti_sysbios_family_arm_m3_Hwi_doSwiRestore__I)
                  0000eb10    00000008                   : BIOS.obj (.text:ti_sysbios_family_arm_m3_Hwi_startup__E)
                  0000eb18    00000008     drivers_msp432e4.aem4f : UARTMSP432E4.oem4f (.text:writeSemCallback)
                  0000eb20    00000006     sysbios.aem4f : BIOS.obj (.text:ti_sysbios_family_arm_m3_Hwi_doTaskRestore__I)
                  0000eb26    00000002     --HOLE-- [fill = 0]
                  0000eb28    00000006                   : BIOS.obj (.text:ti_sysbios_family_arm_m3_Hwi_restoreFxn__E)
                  0000eb2e    00000002     --HOLE-- [fill = 0]
                  0000eb30    00000006                   : BIOS.obj (.text:ti_sysbios_gates_GateHwi_leave__E)
                  0000eb36    00000002     --HOLE-- [fill = 0]
                  0000eb38    00000006                   : BIOS.obj (.text:ti_sysbios_heaps_HeapMem_isBlocking__E)
                  0000eb3e    00000002     --HOLE-- [fill = 0]
                  0000eb40    00000006                   : BIOS.obj (.text:ti_sysbios_knl_Clock_stop__E)
                  0000eb46    00000002     --HOLE-- [fill = 0]
                  0000eb48    00000006                   : BIOS.obj (.text:ti_sysbios_knl_Queue_Instance_init__E)
                  0000eb4e    00000002     --HOLE-- [fill = 0]
                  0000eb50    00000006                   : BIOS.obj (.text:ti_sysbios_knl_Swi_startup__E)
                  0000eb56    00000002     --HOLE-- [fill = 0]
                  0000eb58    00000006                   : BIOS.obj (.text:xdc_runtime_System_Module_startup__E)
                  0000eb5e    00000002     --HOLE-- [fill = 0]
                  0000eb60    00000004                   : BIOS.obj (.text:__aeabi_errno_addr)
                  0000eb64    00000004     --HOLE-- [fill = 0]
                  0000eb68    00000004                   : BIOS.obj (.text:ti_sysbios_gates_GateHwi_query__E)
                  0000eb6c    00000004     --HOLE-- [fill = 0]
                  0000eb70    00000004                   : BIOS.obj (.text:ti_sysbios_gates_GateMutex_query__E)
                  0000eb74    00000004     --HOLE-- [fill = 0]
                  0000eb78    00000004                   : BIOS.obj (.text:ti_sysbios_knl_Clock_setTimeout__E)
                  0000eb7c    00000004     --HOLE-- [fill = 0]
                  0000eb80    00000004                   : BIOS.obj (.text:ti_sysbios_knl_Task_startup__E)
                  0000eb84    00000004     --HOLE-- [fill = 0]
                  0000eb88    00000002                   : BIOS.obj (.text:ti_sysbios_BIOS_linkedWithIncorrectBootLibrary__E)
                  0000eb8a    00000006     --HOLE-- [fill = 0]
                  0000eb90    00000002                   : BIOS.obj (.text:ti_sysbios_gates_GateHwi_Instance_init__E)
                  0000eb92    00000006     --HOLE-- [fill = 0]
                  0000eb98    00000002                   : BIOS.obj (.text:ti_sysbios_knl_Clock_logTick__E)
                  0000eb9a    00000006     --HOLE-- [fill = 0]
                  0000eba0    00000002                   : BIOS.obj (.text:xdc_runtime_SysCallback_defaultAbort)
                  0000eba2    00000006     --HOLE-- [fill = 0]
                  0000eba8    00000002                   : BIOS.obj (.text:xdc_runtime_SysCallback_defaultExit)
                  0000ebaa    00000006     --HOLE-- [fill = 0]
                  0000ebb0    00000002                   : BIOS.obj (.text:xdc_runtime_System_abortSpin__E)
                  0000ebb2    00000006     --HOLE-- [fill = 0]
                  0000ebb8    00000002                   : BIOS.obj (.text:xdc_runtime_System_exitSpin__E)

.const     0    0000ebc0    00000f01     
                  0000ebc0    00000210     sysbios.aem4f : BIOS.obj (.const:$O2$$)
                  0000edd0    00000202     terminalcmd.obj (.const:sineLUT)
                  0000efd2    00000002     release_pem4f.oem4f (.const:ti_sysbios_family_arm_m3_Hwi_Module__id__C)
                  0000efd4    00000196     terminalcmd.obj (.const:.string)
                  0000f16a    00000101     rtsv7M4_T_le_v4SPD16_eabi.lib : ctype.c.obj (.const:.string:_ctypes_)
                  0000f26b    00000005     drivers_msp432e4.aem4f : SPIMSP432E4DMA.oem4f (.const:.string:frameFormat)
                  0000f270    000000c8     rtsv7M4_T_le_v4SPD16_eabi.lib : strtod.c.obj (.const:$O1$$)
                  0000f338    00000058     ti_drivers_config.obj (.const:uartMSP432E4HWAttrs)
                  0000f390    00000048     msp432e4_driverlib.a : gpio.o (.const:g_pui32GPIOBaseAddrs)
                  0000f3d8    00000048     drivers_msp432e4.aem4f : GPIOMSP432E4.oem4f (.const:gpioBaseAddresses)
                  0000f420    00000048                            : GPIOMSP432E4.oem4f (.const:powerMgrIds)
                  0000f468    00000040     ti_drivers_config.obj (.const:timerMSP432E4HWAttrs)
                  0000f4a8    0000003c     release_pem4f.oem4f (.const:ti_sysbios_knl_Task_Object__PARAMS__C)
                  0000f4e4    00000030     ti_drivers_config.obj (.const:Timer_config)
                  0000f514    00000030     ti_drivers_config.obj (.const:spiMSP432E4DMAHWAttrs)
                  0000f544    00000030     release_pem4f.oem4f (.const:ti_sysbios_family_arm_m3_Hwi_Object__PARAMS__C)
                  0000f574    00000030     release_pem4f.oem4f (.const:ti_sysbios_knl_Task_hooks__A)
                  0000f5a4    00000028     drivers_msp432e4.aem4f : UARTMSP432E4.oem4f (.const:UARTMSP432E4_fxnTable)
                  0000f5cc    00000028     release_pem4f.oem4f (.const:ti_sysbios_heaps_HeapMem_Module__FXNS__C)
                  0000f5f4    00000024     drivers_msp432e4.aem4f : UART.oem4f (.const:UART_defaultParams)
                  0000f618    00000024     release_pem4f.oem4f (.const:ti_sysbios_gates_GateHwi_Module__FXNS__C)
                  0000f63c    00000024     release_pem4f.oem4f (.const:ti_sysbios_gates_GateMutex_Module__FXNS__C)
                  0000f660    00000024     release_pem4f.oem4f (.const:ti_sysbios_heaps_HeapMem_Object__PARAMS__C)
                  0000f684    00000024     release_pem4f.oem4f (.const:ti_sysbios_knl_Clock_Object__PARAMS__C)
                  0000f6a8    00000024     release_pem4f.oem4f (.const:ti_sysbios_knl_Semaphore_Object__PARAMS__C)
                  0000f6cc    00000020     drivers_msp432e4.aem4f : GPIOMSP432E4.oem4f (.const:.string:gpioInterruptVectors)
                  0000f6ec    00000020                            : SPI.oem4f (.const:SPI_defaultParams)
                  0000f70c    00000020                            : TimerMSP432E4.oem4f (.const:TimerMSP432E4_fxnTable)
                  0000f72c    00000020                            : UARTMSP432E4.oem4f (.const:staticFxnTable)
                  0000f74c    00000020     release_pem4f.oem4f (.const:ti_sysbios_family_arm_m3_Hwi_Object__DESC__C)
                  0000f76c    00000020     release_pem4f.oem4f (.const:ti_sysbios_gates_GateHwi_Object__DESC__C)
                  0000f78c    00000020     release_pem4f.oem4f (.const:ti_sysbios_gates_GateMutex_Object__DESC__C)
                  0000f7ac    00000020     release_pem4f.oem4f (.const:ti_sysbios_heaps_HeapMem_Object__DESC__C)
                  0000f7cc    00000020     release_pem4f.oem4f (.const:ti_sysbios_knl_Clock_Object__DESC__C)
                  0000f7ec    00000020     release_pem4f.oem4f (.const:ti_sysbios_knl_Queue_Object__DESC__C)
                  0000f80c    00000020     release_pem4f.oem4f (.const:ti_sysbios_knl_Semaphore_Object__DESC__C)
                  0000f82c    00000020     release_pem4f.oem4f (.const:ti_sysbios_knl_Task_Object__DESC__C)
                  0000f84c    00000020     release_pem4f.oem4f (.const:xdc_runtime_Startup_sfxnTab__A)
                  0000f86c    00000018     drivers_msp432e4.aem4f : SPIMSP432E4DMA.oem4f (.const:SPIMSP432E4DMA_fxnTable)
                  0000f884    00000018     ti_drivers_config.obj (.const:UART_config)
                  0000f89c    00000018     release_pem4f.oem4f (.const:ti_sysbios_gates_GateHwi_Object__PARAMS__C)
                  0000f8b4    00000018     release_pem4f.oem4f (.const:ti_sysbios_gates_GateMutex_Object__PARAMS__C)
                  0000f8cc    00000018     release_pem4f.oem4f (.const:ti_sysbios_knl_Queue_Object__PARAMS__C)
                  0000f8e4    00000014     ti_drivers_config.obj (.const:GPIOMSP432E4_config)
                  0000f8f8    00000014     drivers_msp432e4.aem4f : UARTMSP432E4.oem4f (.const:parityType)
                  0000f90c    00000012     ti_drivers_config.obj (.const)
                  0000f91e    00000002     release_pem4f.oem4f (.const:ti_sysbios_heaps_HeapMem_Module__id__C)
                  0000f920    00000010     rtsv7M4_T_le_v4SPD16_eabi.lib : _scanfi.c.obj (.const:$O1$$)
                  0000f930    00000010     drivers_msp432e4.aem4f : UARTMSP432E4.oem4f (.const:dataLength)
                  0000f940    00000010     release_pem4f.oem4f (.const:xdc_runtime_Startup_firstFxns__A)
                  0000f950    00000010     release_pem4f.oem4f (.const:xdc_runtime_Startup_sfxnRts__A)
                  0000f960    0000000c     ti_drivers_config.obj (.const:SPI_config)
                  0000f96c    0000000c     drivers_msp432e4.aem4f : Timer.oem4f (.const:defaultParams)
                  0000f978    0000000c     release_pem4f.oem4f (.const:ti_sysbios_knl_Idle_funcList__A)
                  0000f984    0000000c     ti_drivers_config.obj (.const:udmaMSP432E4HWAttrs)
                  0000f990    00000008     ti_drivers_config.obj (.const:PowerMSP432E4_config)
                  0000f998    00000008     ti_drivers_config.obj (.const:UDMAMSP432E4_config)
                  0000f9a0    00000008     drivers_msp432e4.aem4f : SPIMSP432E4DMA.oem4f (.const:dmaNullConfig)
                  0000f9a8    00000008                            : SPIMSP432E4DMA.oem4f (.const:dmaRxConfig)
                  0000f9b0    00000008                            : SPIMSP432E4DMA.oem4f (.const:dmaTxConfig)
                  0000f9b8    00000008                            : UARTMSP432E4.oem4f (.const:stopBits)
                  0000f9c0    00000008     release_pem4f.oem4f (.const:ti_sysbios_knl_Idle_funcList__C)
                  0000f9c8    00000008     release_pem4f.oem4f (.const:ti_sysbios_knl_Task_hooks__C)
                  0000f9d0    00000008     release_pem4f.oem4f (.const:xdc_runtime_Startup_firstFxns__C)
                  0000f9d8    00000008     release_pem4f.oem4f (.const:xdc_runtime_Startup_lastFxns__C)
                  0000f9e0    00000007     drivers_msp432e4.aem4f : GPIOMSP432E4.oem4f (.const:.string:outPinStrengths)
                  0000f9e7    00000006                            : GPIOMSP432E4.oem4f (.const:.string:interruptType)
                  0000f9ed    00000004                            : GPIOMSP432E4.oem4f (.const:.string:outPinTypes)
                  0000f9f1    00000003                            : GPIOMSP432E4.oem4f (.const:.string:inPinTypes)
                  0000f9f4    00000004     release_pem4f.oem4f (.const:ti_sysbios_family_arm_lm4_Timer_enableFunc__C)
                  0000f9f8    00000004     release_pem4f.oem4f (.const:ti_sysbios_family_arm_lm4_Timer_numTimerDevices__C)
                  0000f9fc    00000004     release_pem4f.oem4f (.const:ti_sysbios_family_arm_lm4_Timer_startupNeeded__C)
                  0000fa00    00000004     release_pem4f.oem4f (.const:ti_sysbios_family_arm_m3_Hwi_E_alreadyDefined__C)
                  0000fa04    00000004     release_pem4f.oem4f (.const:ti_sysbios_family_arm_m3_Hwi_E_badIntNum__C)
                  0000fa08    00000004     release_pem4f.oem4f (.const:ti_sysbios_family_arm_m3_Hwi_NUM_INTERRUPTS__C)
                  0000fa0c    00000004     release_pem4f.oem4f (.const:ti_sysbios_family_arm_m3_Hwi_Object__count__C)
                  0000fa10    00000004     release_pem4f.oem4f (.const:ti_sysbios_family_arm_m3_Hwi_ccr__C)
                  0000fa14    00000004     release_pem4f.oem4f (.const:ti_sysbios_family_arm_m3_Hwi_excHandlerFunc__C)
                  0000fa18    00000004     release_pem4f.oem4f (.const:ti_sysbios_family_arm_m3_Hwi_nullIsrFunc__C)
                  0000fa1c    00000004     release_pem4f.oem4f (.const:ti_sysbios_family_arm_m3_Hwi_priGroup__C)
                  0000fa20    00000004     release_pem4f.oem4f (.const:ti_sysbios_family_arm_m3_TaskSupport_stackAlignment__C)
                  0000fa24    00000004     release_pem4f.oem4f (.const:ti_sysbios_gates_GateMutex_Instance_State_sem__O)
                  0000fa28    00000004     release_pem4f.oem4f (.const:ti_sysbios_heaps_HeapMem_E_memory__C)
                  0000fa2c    00000004     release_pem4f.oem4f (.const:ti_sysbios_heaps_HeapMem_Module__gateObj__C)
                  0000fa30    00000004     release_pem4f.oem4f (.const:ti_sysbios_heaps_HeapMem_Object__count__C)
                  0000fa34    00000004     release_pem4f.oem4f (.const:ti_sysbios_heaps_HeapMem_primaryHeapBaseAddr__C)
                  0000fa38    00000004     release_pem4f.oem4f (.const:ti_sysbios_heaps_HeapMem_primaryHeapEndAddr__C)
                  0000fa3c    00000004     release_pem4f.oem4f (.const:ti_sysbios_heaps_HeapMem_reqAlign__C)
                  0000fa40    00000004     release_pem4f.oem4f (.const:ti_sysbios_knl_Clock_Module_State_clockQ__O)
                  0000fa44    00000004     release_pem4f.oem4f (.const:ti_sysbios_knl_Mailbox_Instance_State_freeQue__O)
                  0000fa48    00000004     release_pem4f.oem4f (.const:ti_sysbios_knl_Mailbox_Object__count__C)
                  0000fa4c    00000004     release_pem4f.oem4f (.const:ti_sysbios_knl_Mailbox_maxTypeAlign__C)
                  0000fa50    00000004     release_pem4f.oem4f (.const:ti_sysbios_knl_Semaphore_Instance_State_pendQ__O)
                  0000fa54    00000004     release_pem4f.oem4f (.const:ti_sysbios_knl_Swi_Object__count__C)
                  0000fa58    00000004     release_pem4f.oem4f (.const:ti_sysbios_knl_Task_E_deleteNotAllowed__C)
                  0000fa5c    00000004     release_pem4f.oem4f (.const:ti_sysbios_knl_Task_Module_State_inactiveQ__O)
                  0000fa60    00000004     release_pem4f.oem4f (.const:ti_sysbios_knl_Task_Module_State_terminatedQ__O)
                  0000fa64    00000004     release_pem4f.oem4f (.const:ti_sysbios_knl_Task_Object__count__C)
                  0000fa68    00000004     release_pem4f.oem4f (.const:ti_sysbios_knl_Task_Object__heap__C)
                  0000fa6c    00000004     release_pem4f.oem4f (.const:ti_sysbios_knl_Task_allBlockedFunc__C)
                  0000fa70    00000004     release_pem4f.oem4f (.const:ti_sysbios_knl_Task_defaultStackHeap__C)
                  0000fa74    00000004     release_pem4f.oem4f (.const:ti_sysbios_knl_Task_defaultStackSize__C)
                  0000fa78    00000004     release_pem4f.oem4f (.const:ti_sysbios_knl_Task_numConstructedTasks__C)
                  0000fa7c    00000004     release_pem4f.oem4f (.const:xdc_runtime_Error_E_memory__C)
                  0000fa80    00000004     release_pem4f.oem4f (.const:xdc_runtime_Error_policyFxn__C)
                  0000fa84    00000004     release_pem4f.oem4f (.const:xdc_runtime_IGateProvider_Interface__BASE__C)
                  0000fa88    00000004     release_pem4f.oem4f (.const:xdc_runtime_IHeap_Interface__BASE__C)
                  0000fa8c    00000004     release_pem4f.oem4f (.const:xdc_runtime_IModule_Interface__BASE__C)
                  0000fa90    00000004     release_pem4f.oem4f (.const:xdc_runtime_Memory_defaultHeapInstance__C)
                  0000fa94    00000004     release_pem4f.oem4f (.const:xdc_runtime_Startup_execImpl__C)
                  0000fa98    00000004     release_pem4f.oem4f (.const:xdc_runtime_Startup_maxPasses__C)
                  0000fa9c    00000004     release_pem4f.oem4f (.const:xdc_runtime_Startup_sfxnRts__C)
                  0000faa0    00000004     release_pem4f.oem4f (.const:xdc_runtime_Startup_sfxnTab__C)
                  0000faa4    00000004     release_pem4f.oem4f (.const:xdc_runtime_SysCallback_abortFxn__C)
                  0000faa8    00000004     release_pem4f.oem4f (.const:xdc_runtime_SysCallback_exitFxn__C)
                  0000faac    00000004     release_pem4f.oem4f (.const:xdc_runtime_System_Module__gateObj__C)
                  0000fab0    00000004     release_pem4f.oem4f (.const:xdc_runtime_System_abortFxn__C)
                  0000fab4    00000004     release_pem4f.oem4f (.const:xdc_runtime_System_exitFxn__C)
                  0000fab8    00000004     release_pem4f.oem4f (.const:xdc_runtime_System_maxAtexitHandlers__C)
                  0000fabc    00000002     release_pem4f.oem4f (.const:ti_sysbios_knl_Task_Module__id__C)
                  0000fabe    00000002     release_pem4f.oem4f (.const:xdc_runtime_Memory_Module__id__C)
                  0000fac0    00000001     release_pem4f.oem4f (.const:xdc_runtime_Error_policy__C)

.cinit     0    0000fac8    00000310     
                  0000fac8    000002e8     (.cinit..data.load) [load image, compression = lzss]
                  0000fdb0    0000000c     (__TI_handler_table)
                  0000fdbc    00000004     --HOLE-- [fill = 0]
                  0000fdc0    00000008     (.cinit..bss.load) [load image, compression = zero_init]
                  0000fdc8    00000010     (__TI_cinit_table)

.init_array 
*          0    00000000    00000000     UNINITIALIZED

.data      0    20020360    0000f115     UNINITIALIZED
                  20020360    00008364     terminalcmd.obj (.data:callbacks)
                  200286c4    00004f80     terminalcmd.obj (.data:script_space)
                  2002d644    00001580     terminalcmd.obj (.data:tickers)
                  2002ebc4    0000016c     drivers_msp432e4.aem4f : PowerMSP432E4.oem4f (.data:PowerMSP432E4_module)
                  2002ed30    00000140     terminalcmd.obj (.data:reg_names)
                  2002ee70    0000008c     sysbios.aem4f : BIOS.obj (.data:$O1$$)
                  2002eefc    00000080     terminalcmd.obj (.data:registers)
                  2002ef7c    00000080     release_pem4f.oem4f (.data:ti_sysbios_knl_Swi_Module_State_0_readyQ__A)
                  2002effc    00000080     release_pem4f.oem4f (.data:ti_sysbios_knl_Task_Module_State_0_readyQ__A)
                  2002f07c    00000054     release_pem4f.oem4f (.data:ti_sysbios_gates_GateMutex_Object__table__V)
                  2002f0d0    0000004c     release_pem4f.oem4f (.data:ti_sysbios_knl_Task_Object__table__V)
                  2002f11c    00000044     release_pem4f.oem4f (.data:ti_sysbios_knl_Task_Module__state__V)
                  2002f160    00000041     terminalcmd.obj (.data)
                  2002f1a1    00000002     drivers_msp432e4.aem4f : UDMAMSP432E4.oem4f (.data)
                  2002f1a3    00000001                            : SPI.oem4f (.data)
                  2002f1a4    00000040     release_pem4f.oem4f (.data:ti_sysbios_family_arm_lm4_Timer_Module_State_0_device__A)
                  2002f1e4    00000040     release_pem4f.oem4f (.data:ti_sysbios_family_arm_lm4_Timer_Object__table__V)
                  2002f224    00000038     terminalcmd.obj (.data:error_counts)
                  2002f25c    00000034     release_pem4f.oem4f (.data:ti_sysbios_family_arm_m3_Hwi_Module__state__V)
                  2002f290    00000030     release_pem4f.oem4f (.data:ti_sysbios_knl_Swi_Object__table__V)
                  2002f2c0    0000002c     release_pem4f.oem4f (.data:ti_sysbios_knl_Clock_Module__state__V)
                  2002f2ec    00000024     release_pem4f.oem4f (.data:ti_sysbios_BIOS_Module__state__V)
                  2002f310    00000020     ti_drivers_config.obj (.data:gpioCallbackFunctions)
                  2002f330    00000020     ti_drivers_config.obj (.data:gpioPinConfigs)
                  2002f350    00000020     release_pem4f.oem4f (.data:ti_sysbios_family_arm_lm4_Timer_Module_State_0_handles__A)
                  2002f370    00000020     release_pem4f.oem4f (.data:xdc_runtime_Error_IgnoreBlock)
                  2002f390    0000001c     release_pem4f.oem4f (.data:ti_sysbios_knl_Swi_Module__state__V)
                  2002f3ac    00000018     release_pem4f.oem4f (.data:ti_sysbios_family_arm_m3_Hwi_Object__table__V)
                  2002f3c4    00000018     release_pem4f.oem4f (.data:ti_sysbios_heaps_HeapMem_Object__table__V)
                  2002f3dc    0000000c     release_pem4f.oem4f (.data:ti_sysbios_family_arm_lm4_Timer_Module__state__V)
                  2002f3e8    00000008     rtsv7M4_T_le_v4SPD16_eabi.lib : _lock.c.obj (.data:$O1$$)
                  2002f3f0    00000008     release_pem4f.oem4f (.data:ti_sysbios_family_arm_m3_Hwi_Module__root__V)
                  2002f3f8    00000008     release_pem4f.oem4f (.data:ti_sysbios_gates_GateHwi_Module__root__V)
                  2002f400    00000008     release_pem4f.oem4f (.data:ti_sysbios_gates_GateMutex_Module__root__V)
                  2002f408    00000008     release_pem4f.oem4f (.data:ti_sysbios_heaps_HeapMem_Module__root__V)
                  2002f410    00000008     release_pem4f.oem4f (.data:ti_sysbios_knl_Clock_Module__root__V)
                  2002f418    00000008     release_pem4f.oem4f (.data:ti_sysbios_knl_Queue_Module__root__V)
                  2002f420    00000008     release_pem4f.oem4f (.data:ti_sysbios_knl_Semaphore_Module__root__V)
                  2002f428    00000008     release_pem4f.oem4f (.data:ti_sysbios_knl_Task_Module__root__V)
                  2002f430    00000008     uartecho.obj (.data)
                  2002f438    00000008     release_pem4f.oem4f (.data:xdc_runtime_Startup_Module__state__V)
                  2002f440    00000008     release_pem4f.oem4f (.data:xdc_runtime_System_Module_State_0_atexitHandlers__A)
                  2002f448    00000008     release_pem4f.oem4f (.data:xdc_runtime_System_Module__state__V)
                  2002f450    00000005     drivers_msp432e4.aem4f : GPIOMSP432E4.oem4f (.data)
                  2002f455    00000001                            : Timer.oem4f (.data)
                  2002f456    00000002     release_pem4f.oem4f (.data:ti_sysbios_family_arm_m3_Hwi_Module_State_0_excActive__A)
                  2002f458    00000004     rtsv7M4_T_le_v4SPD16_eabi.lib : stkdepth_vars.c.obj (.data)
                  2002f45c    00000004     release_pem4f.oem4f (.data:ti_sysbios_family_arm_m3_Hwi_Module_State_0_excContext__A)
                  2002f460    00000004     release_pem4f.oem4f (.data:ti_sysbios_family_arm_m3_Hwi_Module_State_0_excStack__A)
                  2002f464    00000004     release_pem4f.oem4f (.data:ti_sysbios_gates_GateHwi_Object__table__V)
                  2002f468    00000004     release_pem4f.oem4f (.data:ti_sysbios_knl_Task_Module_State_0_idleTask__A)
                  2002f46c    00000004     release_pem4f.oem4f (.data:ti_sysbios_rts_ti_ReentSupport_Module__state__V)
                  2002f470    00000004     release_pem4f.oem4f (.data:xdc_runtime_Memory_Module__state__V)
                  2002f474    00000001     drivers_msp432e4.aem4f : UART.oem4f (.data)

.bss       0    2002f800    000034f8     UNINITIALIZED
                  2002f800    00001000     uartecho.obj (.bss:uart7TaskStack)
                  20030800    00000c80     (.common:command_history)
                  20031480    00000800     terminalcmd.obj (.bss:scriptTaskStack)
                  20031c80    00000360     (.common:ti_sysbios_family_arm_m3_Hwi_dispatchTable)
[...]
0000e9a5  ti_sysbios_hal_Hwi_HwiProxy_Params__init__S                     
0000e9b1  ti_sysbios_family_arm_m3_Hwi_disableFxn__E                      
0000e9b1  ti_sysbios_hal_Hwi_HwiProxy_disable__E                          
0000e9c1  ti_sysbios_family_arm_m3_TaskSupport_getStackAlignment__E       
0000e9c1  ti_sysbios_knl_Task_SupportProxy_getStackAlignment__E           
0000e9d1  ti_sysbios_gates_GateHwi_enter__E                               
0000e9dd  ti_sysbios_knl_Clock_Params__init__S                            
0000e9e9  ti_sysbios_knl_Queue_Object__get__S                             
0000e9f5  ti_sysbios_knl_Queue_Params__init__S                            
0000ea01  ti_sysbios_knl_Semaphore_Params__init__S                        
0000ea0d  ti_sysbios_knl_Task_Params__init__S                             
0000ea19  ti_sysbios_knl_Task_self__E                                     
0000ea29  ti_sysbios_rts_ti_ReentSupport_taskRegHook__I                   
0000ea35  uDMAControlBaseGet                                              
0000ea41  uDMAEnable                                                      
0000ea4d  uDMAErrorStatusClear                                            
0000ea59  uDMAErrorStatusGet                                              
0000ea69  xdc_runtime_Startup_rtsDone__E                                  
0000ea75  ClockP_Params_init                                              
0000ea7f  NDK_hookInit                                                    
0000ea89  SPI_transfer                                                    
0000ea93  Timer_close                                                     
0000ea9d  Timer_start                                                     
0000eaa7  Timer_stop                                                      
0000eab1  UART_read                                                       
0000eabb  UART_write                                                      
0000eac5  xdc_runtime_Memory_HeapProxy_alloc__E                           
0000eacf  xdc_runtime_Memory_HeapProxy_free__E                            
0000ead9  SemaphoreP_Params_init                                          
0000eaf1  pthread_attr_setstacksize                                       
0000eb01  ti_sysbios_family_arm_lm4_Timer_masterDisable__I                
0000eb09  ti_sysbios_family_arm_m3_Hwi_doSwiRestore__I                    
0000eb11  ti_sysbios_family_arm_m3_Hwi_startup__E                         
0000eb11  ti_sysbios_hal_Hwi_HwiProxy_startup__E                          
0000eb11  ti_sysbios_hal_Hwi_startup__E                                   
0000eb21  ti_sysbios_family_arm_m3_Hwi_doTaskRestore__I                   
0000eb29  HwiP_restore                                                    
0000eb29  ti_sysbios_family_arm_m3_Hwi_restoreFxn__E                      
0000eb29  ti_sysbios_hal_Hwi_HwiProxy_restore__E                          
0000eb31  ti_sysbios_gates_GateHwi_leave__E                               
0000eb39  ti_sysbios_heaps_HeapMem_isBlocking__E                          
0000eb41  ti_sysbios_knl_Clock_stop__E                                    
0000eb49  ti_sysbios_knl_Queue_Instance_init__E                           
0000eb51  ti_sysbios_knl_Swi_startup__E                                   
0000eb59  xdc_runtime_System_Module_startup__E                            
0000eb61  __aeabi_errno_addr                                              
0000eb69  ti_sysbios_gates_GateHwi_query__E                               
0000eb69  xdc_runtime_Main_Module_GateProxy_query__E                      
0000eb69  xdc_runtime_System_Module_GateProxy_query__E                    
0000eb71  ti_sysbios_BIOS_RtsGateProxy_query__E                           
0000eb71  ti_sysbios_gates_GateMutex_query__E                             
0000eb71  ti_sysbios_heaps_HeapMem_Module_GateProxy_query__E              
0000eb79  ti_sysbios_knl_Clock_setTimeout__E                              
0000eb81  ti_sysbios_knl_Task_startup__E                                  
0000eb89  ti_sysbios_BIOS_linkedWithIncorrectBootLibrary__E               
0000eb91  ti_sysbios_gates_GateHwi_Instance_init__E                       
0000eb99  ti_sysbios_knl_Clock_logTick__E                                 
0000eba1  xdc_runtime_SysCallback_defaultAbort                            
0000eba9  xdc_runtime_SysCallback_defaultExit                             
0000ebb1  xdc_runtime_System_abortSpin__E                                 
0000ebb9  xdc_runtime_System_exitSpin__E                                  
0000efd2  ti_sysbios_family_arm_m3_Hwi_Module__id__C                      
0000f16a  _ctypes_                                                        
0000f468  timerMSP432E4HWAttrs                                            
0000f4a8  ti_sysbios_knl_Task_Object__PARAMS__C                           
0000f4e4  Timer_config                                                    
0000f514  spiMSP432E4DMAHWAttrs                                           
0000f544  ti_sysbios_family_arm_m3_Hwi_Object__PARAMS__C                  
0000f574  ti_sysbios_knl_Task_hooks__A                                    
0000f5a4  UARTMSP432E4_fxnTable                                           
0000f5cc  ti_sysbios_heaps_HeapMem_Module__FXNS__C                        
0000f5f4  UART_defaultParams                                              
0000f618  ti_sysbios_gates_GateHwi_Module__FXNS__C                        
0000f63c  ti_sysbios_gates_GateMutex_Module__FXNS__C                      
0000f660  ti_sysbios_heaps_HeapMem_Object__PARAMS__C                      
0000f684  ti_sysbios_knl_Clock_Object__PARAMS__C                          
0000f6a8  ti_sysbios_knl_Semaphore_Object__PARAMS__C                      
0000f6ec  SPI_defaultParams                                               
0000f70c  TimerMSP432E4_fxnTable                                          
0000f74c  ti_sysbios_family_arm_m3_Hwi_Object__DESC__C                    
0000f76c  ti_sysbios_gates_GateHwi_Object__DESC__C                        
0000f78c  ti_sysbios_gates_GateMutex_Object__DESC__C                      
0000f7ac  ti_sysbios_heaps_HeapMem_Object__DESC__C                        
0000f7cc  ti_sysbios_knl_Clock_Object__DESC__C                            
0000f7ec  ti_sysbios_knl_Queue_Object__DESC__C                            
0000f80c  ti_sysbios_knl_Semaphore_Object__DESC__C                        
0000f82c  ti_sysbios_knl_Task_Object__DESC__C                             
0000f84c  xdc_runtime_Startup_sfxnTab__A                                  
0000f86c  SPIMSP432E4DMA_fxnTable                                         
0000f884  UART_config                                                     
0000f89c  ti_sysbios_gates_GateHwi_Object__PARAMS__C                      
0000f8b4  ti_sysbios_gates_GateMutex_Object__PARAMS__C                    
0000f8cc  ti_sysbios_knl_Queue_Object__PARAMS__C                          
0000f8e4  GPIOMSP432E4_config                                             
0000f90c  CONFIG_GPIO_LED_0_CONST                                         
0000f90d  CONFIG_GPIO_LED_1_CONST                                         
0000f90e  CONFIG_GPIO_LED_2_CONST                                         
0000f90f  CONFIG_GPIO_LED_3_CONST                                         
0000f910  CONFIG_GPIO_PK5_CONST                                           
0000f911  CONFIG_GPIO_PD4_CONST                                           
0000f912  CONFIG_GPIO_SW1_CONST                                           
0000f913  CONFIG_GPIO_SW2_CONST                                           
0000f914  CONFIG_SPI_0_CONST                                              
0000f915  SPI_count                                                       
0000f916  CONFIG_TIMER_1_CONST                                            
0000f917  CONFIG_TIMER_0_CONST                                            
0000f918  TICKER_TIMER_1_CONST                                            
0000f919  TICKER_TIMER_0_CONST                                            
0000f91a  Timer_count                                                     
0000f91b  CONFIG_UART_0_CONST                                             
0000f91c  CONFIG_UART_1_CONST                                             
0000f91d  UART_count                                                      
0000f91e  ti_sysbios_heaps_HeapMem_Module__id__C                          
0000f940  xdc_runtime_Startup_firstFxns__A                                
0000f950  xdc_runtime_Startup_sfxnRts__A                                  
0000f960  SPI_config                                                      
0000f978  ti_sysbios_knl_Idle_funcList__A                                 
0000f984  udmaMSP432E4HWAttrs                                             
0000f990  PowerMSP432E4_config                                            
0000f998  UDMAMSP432E4_config                                             
0000f9c0  ti_sysbios_knl_Idle_funcList__C                                 
0000f9c8  ti_sysbios_knl_Task_hooks__C                                    
0000f9d0  xdc_runtime_Startup_firstFxns__C                                
0000f9d8  xdc_runtime_Startup_lastFxns__C                                 
0000f9f4  ti_sysbios_family_arm_lm4_Timer_enableFunc__C                   
0000f9f8  ti_sysbios_family_arm_lm4_Timer_numTimerDevices__C              
0000f9fc  ti_sysbios_family_arm_lm4_Timer_startupNeeded__C                
0000fa00  ti_sysbios_family_arm_m3_Hwi_E_alreadyDefined__C                
0000fa04  ti_sysbios_family_arm_m3_Hwi_E_badIntNum__C                     
0000fa08  ti_sysbios_family_arm_m3_Hwi_NUM_INTERRUPTS__C                  
0000fa0c  ti_sysbios_family_arm_m3_Hwi_Object__count__C                   
0000fa10  ti_sysbios_family_arm_m3_Hwi_ccr__C                             
0000fa14  ti_sysbios_family_arm_m3_Hwi_excHandlerFunc__C                  
0000fa18  ti_sysbios_family_arm_m3_Hwi_nullIsrFunc__C                     
0000fa1c  ti_sysbios_family_arm_m3_Hwi_priGroup__C                        
0000fa20  ti_sysbios_family_arm_m3_TaskSupport_stackAlignment__C          
0000fa24  ti_sysbios_gates_GateMutex_Instance_State_sem__O                
0000fa28  ti_sysbios_heaps_HeapMem_E_memory__C                            
0000fa2c  ti_sysbios_heaps_HeapMem_Module__gateObj__C                     
0000fa30  ti_sysbios_heaps_HeapMem_Object__count__C                       
0000fa34  ti_sysbios_heaps_HeapMem_primaryHeapBaseAddr__C                 
0000fa38  ti_sysbios_heaps_HeapMem_primaryHeapEndAddr__C                  
0000fa3c  ti_sysbios_heaps_HeapMem_reqAlign__C                            
0000fa40  ti_sysbios_knl_Clock_Module_State_clockQ__O                     
0000fa44  ti_sysbios_knl_Mailbox_Instance_State_freeQue__O                
0000fa48  ti_sysbios_knl_Mailbox_Object__count__C                         
0000fa4c  ti_sysbios_knl_Mailbox_maxTypeAlign__C                          
0000fa50  ti_sysbios_knl_Semaphore_Instance_State_pendQ__O                
0000fa54  ti_sysbios_knl_Swi_Object__count__C                             
0000fa58  ti_sysbios_knl_Task_E_deleteNotAllowed__C                       
0000fa5c  ti_sysbios_knl_Task_Module_State_inactiveQ__O                   
0000fa60  ti_sysbios_knl_Task_Module_State_terminatedQ__O                 
0000fa64  ti_sysbios_knl_Task_Object__count__C                            
0000fa68  ti_sysbios_knl_Task_Object__heap__C                             
0000fa6c  ti_sysbios_knl_Task_allBlockedFunc__C                           
0000fa70  ti_sysbios_knl_Task_defaultStackHeap__C                         
0000fa74  ti_sysbios_knl_Task_defaultStackSize__C                         
0000fa78  ti_sysbios_knl_Task_numConstructedTasks__C                      
0000fa7c  xdc_runtime_Error_E_memory__C                                   
0000fa80  xdc_runtime_Error_policyFxn__C                                  
0000fa84  xdc_runtime_IGateProvider_Interface__BASE__C                    
0000fa88  xdc_runtime_IHeap_Interface__BASE__C                            
0000fa8c  xdc_runtime_IModule_Interface__BASE__C                          
0000fa90  xdc_runtime_Memory_defaultHeapInstance__C                       
0000fa94  xdc_runtime_Startup_execImpl__C                                 
0000fa98  xdc_runtime_Startup_maxPasses__C                                
0000fa9c  xdc_runtime_Startup_sfxnRts__C                                  
0000faa0  xdc_runtime_Startup_sfxnTab__C                                  
0000faa4  xdc_runtime_SysCallback_abortFxn__C                             
0000faa8  xdc_runtime_SysCallback_exitFxn__C                              
0000faac  xdc_runtime_System_Module__gateObj__C                           
0000fab0  xdc_runtime_System_abortFxn__C                                  
0000fab4  xdc_runtime_System_exitFxn__C                                   
0000fab8  xdc_runtime_System_maxAtexitHandlers__C                         
0000fabc  ti_sysbios_knl_Task_Module__id__C                               
0000fabe  xdc_runtime_Memory_Module__id__C                                
0000fac0  xdc_runtime_Error_policy__C                                     
0000fac8  __TI_static_base__                                              
0000fdb0  __TI_Handler_Table_Base                                         
0000fdbc  __TI_Handler_Table_Limit                                        
0000fdc8  __TI_CINIT_Base                                                 
0000fdd8  __TI_CINIT_Limit                                                
00020000  HEAPSIZE                                                        
20000000  __start___llvm_prf_cnts                                         
20000000  __stop___llvm_prf_cnts                                          
20000000  ti_sysbios_family_arm_m3_Hwi_ramVectors                         
20000360  __primary_heap_start__                                          
20020360  __primary_heap_end__                                            
20020360  callbacks                                                       
200286c4  script_space                                                    
2002d644  tickers                                                         
2002ebc4  PowerMSP432E4_module                                            
2002ed30  reg_names                                                       
2002eefc  registers                                                       
2002ef7c  ti_sysbios_knl_Swi_Module_State_0_readyQ__A                     
2002effc  ti_sysbios_knl_Task_Module_State_0_readyQ__A                    
2002f07c  ti_sysbios_gates_GateMutex_Object__table__V                     
2002f0d0  ti_sysbios_knl_Task_Object__table__V                            
2002f11c  ti_sysbios_knl_Task_Module__state__V                            
2002f160  timer1Handle                                                    
2002f164  ticker_timer_handle                                             
2002f198  spiHandle                                                       
2002f19c  timer0Handle                                                    
2002f1a4  ti_sysbios_family_arm_lm4_Timer_Module_State_0_device__A        
2002f1e4  ti_sysbios_family_arm_lm4_Timer_Object__table__V                
2002f25c  ti_sysbios_family_arm_m3_Hwi_Module__state__V                   
2002f290  ti_sysbios_knl_Swi_Object__table__V                             
2002f2c0  ti_sysbios_knl_Clock_Module__state__V                           
2002f2ec  ti_sysbios_BIOS_Module__state__V                                
2002f310  gpioCallbackFunctions                                           
2002f330  gpioPinConfigs                                                  
2002f350  ti_sysbios_family_arm_lm4_Timer_Module_State_0_handles__A       
2002f370  xdc_runtime_Error_IgnoreBlock                                   
2002f390  ti_sysbios_knl_Swi_Module__state__V                             
2002f3ac  ti_sysbios_family_arm_m3_Hwi_Object__table__V                   
2002f3c4  ti_sysbios_heaps_HeapMem_Object__table__V                       
2002f3dc  ti_sysbios_family_arm_lm4_Timer_Module__state__V                
2002f3e8  _lock                                                           
2002f3ec  _unlock                                                         
2002f3f0  ti_sysbios_family_arm_m3_Hwi_Module__root__V                    
2002f3f8  ti_sysbios_gates_GateHwi_Module__root__V                        
2002f400  ti_sysbios_gates_GateMutex_Module__root__V                      
2002f408  ti_sysbios_heaps_HeapMem_Module__root__V                        
2002f410  ti_sysbios_knl_Clock_Module__root__V                            
2002f418  ti_sysbios_knl_Queue_Module__root__V                            
2002f420  ti_sysbios_knl_Semaphore_Module__root__V                        
2002f428  ti_sysbios_knl_Task_Module__root__V                             
2002f430  history_count                                                   
2002f434  current_history_index                                           
2002f438  xdc_runtime_Startup_Module__state__V                            
2002f440  xdc_runtime_System_Module_State_0_atexitHandlers__A             
2002f448  xdc_runtime_System_Module__state__V                             
2002f456  ti_sysbios_family_arm_m3_Hwi_Module_State_0_excActive__A        
2002f458  main_func_sp                                                    
2002f45c  ti_sysbios_family_arm_m3_Hwi_Module_State_0_excContext__A       
2002f460  ti_sysbios_family_arm_m3_Hwi_Module_State_0_excStack__A         
2002f464  ti_sysbios_gates_GateHwi_Object__table__V                       
2002f468  ti_sysbios_knl_Task_Module_State_0_idleTask__A                  
2002f46c  ti_sysbios_rts_ti_ReentSupport_Module__state__V                 
2002f470  xdc_runtime_Memory_Module__state__V                             
20030800  command_history                                                 
20031c80  ti_sysbios_family_arm_m3_Hwi_dispatchTable                      
20032400  user_prompt                                                     
200327e8  ti_sysbios_knl_Task_Instance_State_0_stack__A                   
200329e8  timerMSP432E4Objects                                            
20032ab8  uartMSP432E4Objects                                             
20032c90  spiMSP432E4DMAObjects                                           
20032cd4  ti_sysbios_knl_Task_Instance_State_0_hookEnv__A                 
20032cdc  udmaMSP432E4Object                                              
20032cf0  uart7                                                           
20032cf4  uart7TaskHandle                                                 
2003fc00  __stack                                                         
20040000  __STACK_END                                                     
e000e000  ti_sysbios_family_arm_m3_Hwi_nvic                               
ffffffff  __TI_pprof_out_hndl                                             
ffffffff  __TI_prof_data_size                                             
ffffffff  __TI_prof_data_start                                            
ffffffff  __binit__                                                       
ffffffff  __c_args__                                                      
ffffffff  binit                                                           
UNDEFED   SHT$$INIT_ARRAY$$Base                                           
UNDEFED   SHT$$INIT_ARRAY$$Limit                                          

[734 symbols]
